=== episodic-gen invocation: 2026-05-28T19:44:29Z ===
task_id: T-1659
FRAMEWORK_ROOT: /opt/999-Agentic-Engineering-Framework
PROJECT_ROOT: /opt/999-Agentic-Engineering-Framework
CONTEXT_DIR: /opt/999-Agentic-Engineering-Framework/.context
CONTEXT_AGENT: /opt/999-Agentic-Engineering-Framework/agents/context/context.sh
cwd: /opt/999-Agentic-Engineering-Framework
--- context.sh output ---
Episodic generated: /opt/999-Agentic-Engineering-Framework/.context/episodic/T-1659.yaml

  Status: ✓ complete (Auto-generated)
  Task: fw fabric register accepts .agentic-framework/ vendored paths and creates malformed
  Duration: 27 days (39034 min)
  Updates: 3
  Commits: 2
  Lines: +237 -8 across 4 files
  Outcomes: 4 AC checked
  Challenges: 1 detected from git
  Artifacts: 6 files tracked
  Decisions: recorded from task file

Source: /opt/999-Agentic-Engineering-Framework/.tasks/completed/T-1659-fw-fabric-register-accepts-agentic-frame.md
--- exit code: 0 ---
