=== episodic-gen invocation: 2026-05-31T18:50:43Z ===
task_id: T-1677
FRAMEWORK_ROOT: /opt/999-Agentic-Engineering-Framework
PROJECT_ROOT: /opt/999-Agentic-Engineering-Framework
CONTEXT_DIR: /opt/999-Agentic-Engineering-Framework/.context
CONTEXT_AGENT: /opt/999-Agentic-Engineering-Framework/agents/context/context.sh
cwd: /opt/999-Agentic-Engineering-Framework
--- context.sh output ---
Episodic generated: /opt/999-Agentic-Engineering-Framework/.context/episodic/T-1677.yaml

  Status: ✓ complete (Auto-generated)
  Task: tag-format drift: 21 legacy TermLink sessions carry task=/role= prefixes —
  Duration: 29 days (42224 min)
  Updates: 2
  Commits: 1
  Lines: +859 -0 across 2 files
  Outcomes: 4 AC checked
  Artifacts: 2 files tracked
  Decisions: recorded from task file

Source: /opt/999-Agentic-Engineering-Framework/.tasks/completed/T-1677-tag-format-drift-21-legacy-termlink-sess.md
--- exit code: 0 ---
