=== episodic-gen invocation: 2026-05-28T15:22:19Z ===
task_id: T-1728
FRAMEWORK_ROOT: /opt/999-Agentic-Engineering-Framework
PROJECT_ROOT: /opt/999-Agentic-Engineering-Framework
CONTEXT_DIR: /opt/999-Agentic-Engineering-Framework/.context
CONTEXT_AGENT: /opt/999-Agentic-Engineering-Framework/agents/context/context.sh
cwd: /opt/999-Agentic-Engineering-Framework
--- context.sh output ---
Episodic generated: /opt/999-Agentic-Engineering-Framework/.context/episodic/T-1728.yaml

  Status: ✓ complete (Auto-generated)
  Task: post-compact budget injection: warn agent that prior budget assertions are
  Duration: 24 days (34162 min)
  Updates: 1
  Commits: 1
  Lines: +19 -7 across 2 files
  Outcomes: 4 AC checked
  Artifacts: 2 files tracked
  Decisions: recorded from task file

Source: /opt/999-Agentic-Engineering-Framework/.tasks/completed/T-1728-post-compact-budget-injection-warn-agent.md
--- exit code: 0 ---
