=== episodic-gen invocation: 2026-05-16T07:04:07Z ===
task_id: T-1763
FRAMEWORK_ROOT: /opt/999-Agentic-Engineering-Framework
PROJECT_ROOT: /opt/999-Agentic-Engineering-Framework
CONTEXT_DIR: /opt/999-Agentic-Engineering-Framework/.context
CONTEXT_AGENT: /opt/999-Agentic-Engineering-Framework/agents/context/context.sh
cwd: /opt/999-Agentic-Engineering-Framework
--- context.sh output ---
Episodic generated: /opt/999-Agentic-Engineering-Framework/.context/episodic/T-1763.yaml

  Status: ✓ complete (Auto-generated)
  Task: fix AC body parser — HTML comment example leaks into render and overrides Steps/Expected/If-not
  Duration: 10 days (14176 min)
  Updates: 1
  Commits: 1
  Lines: +376 -2 across 4 files
  Outcomes: 5 AC checked
  Challenges: 1 detected from git
  Artifacts: 4 files tracked
  Decisions: recorded from task file

Source: /opt/999-Agentic-Engineering-Framework/.tasks/completed/T-1763-fix-ac-body-parser--html-comment-example.md
--- exit code: 0 ---
