=== episodic-gen invocation: 2026-05-16T07:08:09Z ===
task_id: T-1765
FRAMEWORK_ROOT: /opt/999-Agentic-Engineering-Framework
PROJECT_ROOT: /opt/999-Agentic-Engineering-Framework
CONTEXT_DIR: /opt/999-Agentic-Engineering-Framework/.context
CONTEXT_AGENT: /opt/999-Agentic-Engineering-Framework/agents/context/context.sh
cwd: /opt/999-Agentic-Engineering-Framework
--- context.sh output ---
Episodic generated: /opt/999-Agentic-Engineering-Framework/.context/episodic/T-1765.yaml

  Status: ✓ complete (Auto-generated)
  Task: fix code element inline-block dropping long paths to next line — visual cutoff in prose contexts
  Duration: 10 days (14147 min)
  Updates: 1
  Commits: 2
  Lines: +420 -0 across 6 files
  Outcomes: 6 AC checked
  Challenges: 1 detected from git
  Artifacts: 6 files tracked
  Decisions: recorded from task file

Source: /opt/999-Agentic-Engineering-Framework/.tasks/completed/T-1765-fix-code-element-inline-block-dropping-l.md
--- exit code: 0 ---
