=== episodic-gen invocation: 2026-05-18T06:44:47Z ===
task_id: T-1892
FRAMEWORK_ROOT: /opt/999-Agentic-Engineering-Framework
PROJECT_ROOT: /opt/999-Agentic-Engineering-Framework
CONTEXT_DIR: /opt/999-Agentic-Engineering-Framework/.context
CONTEXT_AGENT: /opt/999-Agentic-Engineering-Framework/agents/context/context.sh
cwd: /opt/999-Agentic-Engineering-Framework
--- context.sh output ---
Episodic generated: /opt/999-Agentic-Engineering-Framework/.context/episodic/T-1892.yaml

  Status: ✓ complete (Auto-generated)
  Task: fabric enrichment sweep — auto-resolve 47 cards (+143 edges), close audit WARN
  Duration: 0 days (13 min)
  Updates: 1
  Commits: 1
  Lines: +804 -328 across 50 files
  Outcomes: 5 AC checked
  Artifacts: 50 files tracked
  Decisions: recorded from task file

Source: /opt/999-Agentic-Engineering-Framework/.tasks/completed/T-1892-fabric-enrichment-sweep--auto-resolve-47.md
--- exit code: 0 ---
