=== episodic-gen invocation: 2026-05-15T21:26:31Z ===
task_id: T-1869
FRAMEWORK_ROOT: /opt/999-Agentic-Engineering-Framework
PROJECT_ROOT: /opt/999-Agentic-Engineering-Framework
CONTEXT_DIR: /opt/999-Agentic-Engineering-Framework/.context
CONTEXT_AGENT: /opt/999-Agentic-Engineering-Framework/agents/context/context.sh
cwd: /opt/999-Agentic-Engineering-Framework
--- context.sh output ---
Episodic generated: /opt/999-Agentic-Engineering-Framework/.context/episodic/T-1869.yaml

  Status: ✓ complete (Auto-generated)
  Task: backfill 5 missing episodic summaries (T-1634/1798/1800/1804/1812)
  Duration: 0 days (5 min)
  Updates: 1
  Commits: 1
  Lines: +546 -0 across 6 files
  Outcomes: 4 AC checked
  Artifacts: 6 files tracked
  Decisions: recorded from task file

Source: /opt/999-Agentic-Engineering-Framework/.tasks/completed/T-1869-backfill-5-missing-episodic-summaries-t-.md
--- exit code: 0 ---
