=== episodic-gen invocation: 2026-05-16T09:38:46Z ===
task_id: T-1856
FRAMEWORK_ROOT: /opt/999-Agentic-Engineering-Framework
PROJECT_ROOT: /opt/999-Agentic-Engineering-Framework
CONTEXT_DIR: /opt/999-Agentic-Engineering-Framework/.context
CONTEXT_AGENT: /opt/999-Agentic-Engineering-Framework/agents/context/context.sh
cwd: /opt/999-Agentic-Engineering-Framework
--- context.sh output ---
Episodic generated: /opt/999-Agentic-Engineering-Framework/.context/episodic/T-1856.yaml

  Status: ✓ complete (Auto-generated)
  Task: Anchor-task existence audit check (T-NEW-8)
  Duration: 1 days (1123 min)
  Updates: 2
  Commits: 1
  Lines: +220 -7 across 5 files
  Outcomes: 4 AC checked
  Artifacts: 5 files tracked
  Decisions: recorded from task file

Source: /opt/999-Agentic-Engineering-Framework/.tasks/completed/T-1856-anchor-task-existence-audit-check-t-new-.md
--- exit code: 0 ---
