=== episodic-gen invocation: 2026-05-15T20:00:00Z ===
task_id: T-1865
FRAMEWORK_ROOT: /opt/999-Agentic-Engineering-Framework
PROJECT_ROOT: /opt/999-Agentic-Engineering-Framework
CONTEXT_DIR: /opt/999-Agentic-Engineering-Framework/.context
CONTEXT_AGENT: /opt/999-Agentic-Engineering-Framework/agents/context/context.sh
cwd: /opt/999-Agentic-Engineering-Framework
--- context.sh output ---
Episodic generated: /opt/999-Agentic-Engineering-Framework/.context/episodic/T-1865.yaml

  Status: ✓ complete (Auto-generated)
  Task: DEFER inception decisions don't park the task — sweep skips them, audit flags them as limbo
  Duration: 0 days (8 min)
  Updates: 1
  Commits: 2
  Lines: +632 -46 across 17 files
  Outcomes: 4 AC checked
  Artifacts: 17 files tracked
  Decisions: recorded from task file

Source: /opt/999-Agentic-Engineering-Framework/.tasks/completed/T-1865-defer-inception-decisions-dont-park-the-.md
--- exit code: 0 ---
