=== episodic-gen invocation: 2026-05-16T07:55:24Z ===
task_id: T-1873
FRAMEWORK_ROOT: /opt/999-Agentic-Engineering-Framework
PROJECT_ROOT: /opt/999-Agentic-Engineering-Framework
CONTEXT_DIR: /opt/999-Agentic-Engineering-Framework/.context
CONTEXT_AGENT: /opt/999-Agentic-Engineering-Framework/agents/context/context.sh
cwd: /opt/999-Agentic-Engineering-Framework
--- context.sh output ---
Episodic generated: /opt/999-Agentic-Engineering-Framework/.context/episodic/T-1873.yaml

  Status: ✓ complete (Auto-generated)
  Task: fix episodic generator YAML escape — extend T-1871 single-quote fix to outcomes/challenges/artifacts (L-392 class recursion)
  Duration: 0 days (5 min)
  Updates: 1
  Commits: 1
  Lines: +922 -395 across 28 files
  Outcomes: 7 AC checked
  Challenges: 1 detected from git
  Artifacts: 28 files tracked
  Decisions: recorded from task file

Source: /opt/999-Agentic-Engineering-Framework/.tasks/completed/T-1873-fix-episodic-generator-yaml-escape--exte.md
--- exit code: 0 ---
