=== episodic-gen invocation: 2026-05-17T19:57:30Z ===
task_id: T-1885
FRAMEWORK_ROOT: /opt/999-Agentic-Engineering-Framework
PROJECT_ROOT: /opt/999-Agentic-Engineering-Framework
CONTEXT_DIR: /opt/999-Agentic-Engineering-Framework/.context
CONTEXT_AGENT: /opt/999-Agentic-Engineering-Framework/agents/context/context.sh
cwd: /opt/999-Agentic-Engineering-Framework
--- context.sh output ---
Episodic generated: /opt/999-Agentic-Engineering-Framework/.context/episodic/T-1885.yaml

  Status: ✓ complete (Auto-generated)
  Task: register fabric card for lib/arc_membership.sh + fill TODO purpose on .py card (T-1880 hygiene)
  Duration: 0 days (2 min)
  Updates: 1
  Commits: 1
  Lines: +231 -10 across 3 files
  Outcomes: 3 AC checked
  Artifacts: 3 files tracked
  Decisions: recorded from task file

Source: /opt/999-Agentic-Engineering-Framework/.tasks/completed/T-1885-register-fabric-card-for-libarcmembershi.md
--- exit code: 0 ---
