=== episodic-gen invocation: 2026-05-15T19:44:12Z ===
task_id: T-1863
FRAMEWORK_ROOT: /opt/999-Agentic-Engineering-Framework
PROJECT_ROOT: /opt/999-Agentic-Engineering-Framework
CONTEXT_DIR: /opt/999-Agentic-Engineering-Framework/.context
CONTEXT_AGENT: /opt/999-Agentic-Engineering-Framework/agents/context/context.sh
cwd: /opt/999-Agentic-Engineering-Framework
--- context.sh output ---
Episodic generated: /opt/999-Agentic-Engineering-Framework/.context/episodic/T-1863.yaml

  Status: ✓ complete (Auto-generated)
  Task: update-task.sh move-on-complete leaks duplicate active+completed orphan — add post-move check + pre-commit gate
  Duration: 0 days (6 min)
  Updates: 1
  Commits: 2
  Lines: +361 -2 across 6 files
  Outcomes: 3 AC checked
  Artifacts: 6 files tracked
  Decisions: recorded from task file

Source: /opt/999-Agentic-Engineering-Framework/.tasks/completed/T-1863-update-tasksh-move-on-complete-leaks-dup.md
--- exit code: 0 ---
