=== episodic-gen invocation: 2026-05-17T06:51:17Z ===
task_id: T-1875
FRAMEWORK_ROOT: /opt/999-Agentic-Engineering-Framework
PROJECT_ROOT: /opt/999-Agentic-Engineering-Framework
CONTEXT_DIR: /opt/999-Agentic-Engineering-Framework/.context
CONTEXT_AGENT: /opt/999-Agentic-Engineering-Framework/agents/context/context.sh
cwd: /opt/999-Agentic-Engineering-Framework
--- context.sh output ---
Episodic generated: /opt/999-Agentic-Engineering-Framework/.context/episodic/T-1875.yaml

  Status: ✓ complete (Auto-generated)
  Task: audit arc-progress fallback reads arc_id frontmatter (T-NEW-11)
  Duration: 1 days (475 min)
  Updates: 1
  Commits: 1
  Lines: +347 -2 across 3 files
  Outcomes: 5 AC checked
  Artifacts: 3 files tracked
  Decisions: recorded from task file

Source: /opt/999-Agentic-Engineering-Framework/.tasks/completed/T-1875-audit-arc-progress-fallback-reads-arcid-.md
--- exit code: 0 ---
