=== episodic-gen invocation: 2026-05-15T20:47:34Z ===
task_id: T-1868
FRAMEWORK_ROOT: /opt/999-Agentic-Engineering-Framework
PROJECT_ROOT: /opt/999-Agentic-Engineering-Framework
CONTEXT_DIR: /opt/999-Agentic-Engineering-Framework/.context
CONTEXT_AGENT: /opt/999-Agentic-Engineering-Framework/agents/context/context.sh
cwd: /opt/999-Agentic-Engineering-Framework
--- context.sh output ---
Episodic generated: /opt/999-Agentic-Engineering-Framework/.context/episodic/T-1868.yaml

  Status: ✓ complete (Auto-generated)
  Task: fix revisit-due-scan.sh path-resolution to work in framework repo (script assumes vendored-only; framework-repo case resolves to /opt/.tasks/active)
  Duration: 0 days (3 min)
  Updates: 1
  Commits: 1
  Lines: +259 -3 across 3 files
  Outcomes: 4 AC checked
  Artifacts: 3 files tracked
  Decisions: recorded from task file

Source: /opt/999-Agentic-Engineering-Framework/.tasks/completed/T-1868-fix-revisit-due-scansh-path-resolution-t.md
--- exit code: 0 ---
