=== episodic-gen invocation: 2026-05-15T20:19:30Z ===
task_id: T-1828
FRAMEWORK_ROOT: /opt/999-Agentic-Engineering-Framework
PROJECT_ROOT: /opt/999-Agentic-Engineering-Framework
CONTEXT_DIR: /opt/999-Agentic-Engineering-Framework/.context
CONTEXT_AGENT: /opt/999-Agentic-Engineering-Framework/agents/context/context.sh
cwd: /opt/999-Agentic-Engineering-Framework
--- context.sh output ---
Episodic generated: /opt/999-Agentic-Engineering-Framework/.context/episodic/T-1828.yaml

  Status: ✓ complete (Auto-generated)
  Task: github mirror stalled — VERSION tag-reset trips T-1603 hook, blocks fix-shipped commits from reaching GitHub consumers
  Duration: 1 days (1556 min)
  Updates: 3
  Commits: 19
  Lines: +2791 -130 across 73 files
  Outcomes: 5 AC checked
  Challenges: 2 detected from git
  Artifacts: 80 files tracked
  Decisions: recorded from task file

Source: /opt/999-Agentic-Engineering-Framework/.tasks/completed/T-1828-github-mirror-stalled--version-tag-reset.md
--- exit code: 0 ---
