=== episodic-gen invocation: 2026-05-16T09:20:24Z ===
task_id: T-1849
FRAMEWORK_ROOT: /opt/999-Agentic-Engineering-Framework
PROJECT_ROOT: /opt/999-Agentic-Engineering-Framework
CONTEXT_DIR: /opt/999-Agentic-Engineering-Framework/.context
CONTEXT_AGENT: /opt/999-Agentic-Engineering-Framework/agents/context/context.sh
cwd: /opt/999-Agentic-Engineering-Framework
--- context.sh output ---
Episodic generated: /opt/999-Agentic-Engineering-Framework/.context/episodic/T-1849.yaml

  Status: ✓ complete (Auto-generated)
  Task: Task arc_id field + Tier-1 validation block (T-NEW-2)
  Duration: 1 days (1106 min)
  Updates: 2
  Commits: 1
  Lines: +599 -8 across 8 files
  Outcomes: 5 AC checked
  Artifacts: 8 files tracked
  Decisions: recorded from task file

Source: /opt/999-Agentic-Engineering-Framework/.tasks/completed/T-1849-task-arcid-field--tier-1-validation-bloc.md
--- exit code: 0 ---
