=== episodic-gen invocation: 2026-05-15T20:14:33Z ===
task_id: T-1866
FRAMEWORK_ROOT: /opt/999-Agentic-Engineering-Framework
PROJECT_ROOT: /opt/999-Agentic-Engineering-Framework
CONTEXT_DIR: /opt/999-Agentic-Engineering-Framework/.context
CONTEXT_AGENT: /opt/999-Agentic-Engineering-Framework/agents/context/context.sh
cwd: /opt/999-Agentic-Engineering-Framework
--- context.sh output ---
Episodic generated: /opt/999-Agentic-Engineering-Framework/.context/episodic/T-1866.yaml

  Status: ✓ complete (Auto-generated)
  Task: backfill 8 missing episodic summaries flagged by handover gap check (T-1845/1846/1847/1858/1859/1860/1861/1862)
  Duration: 0 days (3 min)
  Updates: 1
  Commits: 1
  Lines: +797 -0 across 9 files
  Outcomes: 4 AC checked
  Artifacts: 9 files tracked
  Decisions: recorded from task file

Source: /opt/999-Agentic-Engineering-Framework/.tasks/completed/T-1866-backfill-8-missing-episodic-summaries-fl.md
--- exit code: 0 ---
