=== episodic-gen invocation: 2026-05-17T07:05:33Z ===
task_id: T-1877
FRAMEWORK_ROOT: /opt/999-Agentic-Engineering-Framework
PROJECT_ROOT: /opt/999-Agentic-Engineering-Framework
CONTEXT_DIR: /opt/999-Agentic-Engineering-Framework/.context
CONTEXT_AGENT: /opt/999-Agentic-Engineering-Framework/agents/context/context.sh
cwd: /opt/999-Agentic-Engineering-Framework
--- context.sh output ---
Episodic generated: /opt/999-Agentic-Engineering-Framework/.context/episodic/T-1877.yaml

  Status: ✓ complete (Auto-generated)
  Task: lib/arc.sh _arc_next_numeric_id octal-parse latent bug fix (T-NEW-13)
  Duration: 0 days (4 min)
  Updates: 1
  Commits: 1
  Lines: +307 -6 across 4 files
  Outcomes: 5 AC checked
  Challenges: 1 detected from git
  Artifacts: 4 files tracked
  Decisions: recorded from task file

Source: /opt/999-Agentic-Engineering-Framework/.tasks/completed/T-1877-libarcsh-arcnextnumericid-octal-parse-la.md
--- exit code: 0 ---
