=== episodic-gen invocation: 2026-05-15T19:46:58Z ===
task_id: T-1864
FRAMEWORK_ROOT: /opt/999-Agentic-Engineering-Framework
PROJECT_ROOT: /opt/999-Agentic-Engineering-Framework
CONTEXT_DIR: /opt/999-Agentic-Engineering-Framework/.context
CONTEXT_AGENT: /opt/999-Agentic-Engineering-Framework/agents/context/context.sh
cwd: /opt/999-Agentic-Engineering-Framework
--- context.sh output ---
Episodic generated: /opt/999-Agentic-Engineering-Framework/.context/episodic/T-1864.yaml

  Status: ✓ complete (Auto-generated)
  Task: default task template lacks SIGPIPE-safe Verification hint — L-387 keeps recurring
  Duration: 0 days (2 min)
  Updates: 1
  Commits: 1
  Lines: +131 -0 across 3 files
  Outcomes: 2 AC checked
  Artifacts: 3 files tracked
  Decisions: recorded from task file

Source: /opt/999-Agentic-Engineering-Framework/.tasks/completed/T-1864-default-task-template-lacks-sigpipe-safe.md
--- exit code: 0 ---
