=== episodic-gen invocation: 2026-05-16T07:49:20Z ===
task_id: T-1871
FRAMEWORK_ROOT: /opt/999-Agentic-Engineering-Framework
PROJECT_ROOT: /opt/999-Agentic-Engineering-Framework
CONTEXT_DIR: /opt/999-Agentic-Engineering-Framework/.context
CONTEXT_AGENT: /opt/999-Agentic-Engineering-Framework/agents/context/context.sh
cwd: /opt/999-Agentic-Engineering-Framework
--- context.sh output ---
Episodic YAML validation failed: /opt/999-Agentic-Engineering-Framework/.context/episodic/T-1871.yaml
Traceback (most recent call last):
  File "<string>", line 1, in <module>
  File "/usr/local/lib/python3.12/dist-packages/yaml/__init__.py", line 125, in safe_load
    return load(stream, SafeLoader)
           ^^^^^^^^^^^^^^^^^^^^^^^^
  File "/usr/local/lib/python3.12/dist-packages/yaml/__init__.py", line 81, in load
    return loader.get_single_data()
           ^^^^^^^^^^^^^^^^^^^^^^^^
  File "/usr/local/lib/python3.12/dist-packages/yaml/constructor.py", line 49, in get_single_data
    node = self.get_single_node()
           ^^^^^^^^^^^^^^^^^^^^^^
  File "/usr/local/lib/python3.12/dist-packages/yaml/composer.py", line 36, in get_single_node
    document = self.compose_document()
               ^^^^^^^^^^^^^^^^^^^^^^^
  File "/usr/local/lib/python3.12/dist-packages/yaml/composer.py", line 55, in compose_document
    node = self.compose_node(None, None)
           ^^^^^^^^^^^^^^^^^^^^^^^^^^^^^
  File "/usr/local/lib/python3.12/dist-packages/yaml/composer.py", line 84, in compose_node
    node = self.compose_mapping_node(anchor)
           ^^^^^^^^^^^^^^^^^^^^^^^^^^^^^^^^^
  File "/usr/local/lib/python3.12/dist-packages/yaml/composer.py", line 133, in compose_mapping_node
    item_value = self.compose_node(node, item_key)
                 ^^^^^^^^^^^^^^^^^^^^^^^^^^^^^^^^^
  File "/usr/local/lib/python3.12/dist-packages/yaml/composer.py", line 82, in compose_node
    node = self.compose_sequence_node(anchor)
           ^^^^^^^^^^^^^^^^^^^^^^^^^^^^^^^^^^
  File "/usr/local/lib/python3.12/dist-packages/yaml/composer.py", line 110, in compose_sequence_node
    while not self.check_event(SequenceEndEvent):
              ^^^^^^^^^^^^^^^^^^^^^^^^^^^^^^^^^^
  File "/usr/local/lib/python3.12/dist-packages/yaml/parser.py", line 98, in check_event
    self.current_event = self.state()
                         ^^^^^^^^^^^^
  File "/usr/local/lib/python3.12/dist-packages/yaml/parser.py", line 384, in parse_block_sequence_entry
    if not self.check_token(BlockEntryToken, BlockEndToken):
           ^^^^^^^^^^^^^^^^^^^^^^^^^^^^^^^^^^^^^^^^^^^^^^^^
  File "/usr/local/lib/python3.12/dist-packages/yaml/scanner.py", line 116, in check_token
    self.fetch_more_tokens()
  File "/usr/local/lib/python3.12/dist-packages/yaml/scanner.py", line 258, in fetch_more_tokens
    raise ScannerError("while scanning for the next token", None,
yaml.scanner.ScannerError: while scanning for the next token
found character '`' that cannot start any token
  in "/opt/999-Agentic-Engineering-Framework/.context/episodic/T-1871.yaml", line 30, column 260
Error in sys.excepthook:
Traceback (most recent call last):
  File "/usr/lib/python3/dist-packages/apport_python_hook.py", line 228, in partial_apport_excepthook
    return apport_excepthook(binary, exc_type, exc_obj, exc_tb)
           ^^^^^^^^^^^^^^^^^^^^^^^^^^^^^^^^^^^^^^^^^^^^^^^^^^^^
  File "/usr/lib/python3/dist-packages/apport_python_hook.py", line 114, in apport_excepthook
    report["ExecutableTimestamp"] = str(int(os.stat(binary).st_mtime))
                                            ^^^^^^^^^^^^^^^
FileNotFoundError: [Errno 2] No such file or directory: '/opt/999-Agentic-Engineering-Framework/-c'

Original exception was:
Traceback (most recent call last):
  File "<string>", line 1, in <module>
  File "/usr/local/lib/python3.12/dist-packages/yaml/__init__.py", line 125, in safe_load
    return load(stream, SafeLoader)
           ^^^^^^^^^^^^^^^^^^^^^^^^
  File "/usr/local/lib/python3.12/dist-packages/yaml/__init__.py", line 81, in load
    return loader.get_single_data()
           ^^^^^^^^^^^^^^^^^^^^^^^^
  File "/usr/local/lib/python3.12/dist-packages/yaml/constructor.py", line 49, in get_single_data
    node = self.get_single_node()
           ^^^^^^^^^^^^^^^^^^^^^^
  File "/usr/local/lib/python3.12/dist-packages/yaml/composer.py", line 36, in get_single_node
    document = self.compose_document()
               ^^^^^^^^^^^^^^^^^^^^^^^
  File "/usr/local/lib/python3.12/dist-packages/yaml/composer.py", line 55, in compose_document
    node = self.compose_node(None, None)
           ^^^^^^^^^^^^^^^^^^^^^^^^^^^^^
  File "/usr/local/lib/python3.12/dist-packages/yaml/composer.py", line 84, in compose_node
    node = self.compose_mapping_node(anchor)
           ^^^^^^^^^^^^^^^^^^^^^^^^^^^^^^^^^
  File "/usr/local/lib/python3.12/dist-packages/yaml/composer.py", line 133, in compose_mapping_node
    item_value = self.compose_node(node, item_key)
                 ^^^^^^^^^^^^^^^^^^^^^^^^^^^^^^^^^
  File "/usr/local/lib/python3.12/dist-packages/yaml/composer.py", line 82, in compose_node
    node = self.compose_sequence_node(anchor)
           ^^^^^^^^^^^^^^^^^^^^^^^^^^^^^^^^^^
  File "/usr/local/lib/python3.12/dist-packages/yaml/composer.py", line 110, in compose_sequence_node
    while not self.check_event(SequenceEndEvent):
              ^^^^^^^^^^^^^^^^^^^^^^^^^^^^^^^^^^
  File "/usr/local/lib/python3.12/dist-packages/yaml/parser.py", line 98, in check_event
    self.current_event = self.state()
                         ^^^^^^^^^^^^
  File "/usr/local/lib/python3.12/dist-packages/yaml/parser.py", line 384, in parse_block_sequence_entry
    if not self.check_token(BlockEntryToken, BlockEndToken):
           ^^^^^^^^^^^^^^^^^^^^^^^^^^^^^^^^^^^^^^^^^^^^^^^^
  File "/usr/local/lib/python3.12/dist-packages/yaml/scanner.py", line 116, in check_token
    self.fetch_more_tokens()
  File "/usr/local/lib/python3.12/dist-packages/yaml/scanner.py", line 258, in fetch_more_tokens
    raise ScannerError("while scanning for the next token", None,
yaml.scanner.ScannerError: while scanning for the next token
found character '`' that cannot start any token
  in "/opt/999-Agentic-Engineering-Framework/.context/episodic/T-1871.yaml", line 30, column 260

The episodic generator produced invalid YAML. This is a generator bug; do not edit the output by hand.
Capture the source task and report on framework:pickup with msg_type=pickup-bug-report.
--- exit code: 2 ---
