=== episodic-gen invocation: 2026-05-16T09:28:32Z ===
task_id: T-1850
FRAMEWORK_ROOT: /opt/999-Agentic-Engineering-Framework
PROJECT_ROOT: /opt/999-Agentic-Engineering-Framework
CONTEXT_DIR: /opt/999-Agentic-Engineering-Framework/.context
CONTEXT_AGENT: /opt/999-Agentic-Engineering-Framework/agents/context/context.sh
cwd: /opt/999-Agentic-Engineering-Framework
--- context.sh output ---
Episodic generated: /opt/999-Agentic-Engineering-Framework/.context/episodic/T-1850.yaml

  Status: ✓ complete (Auto-generated)
  Task: tags:[arc:*] → arc_id one-shot migration (T-NEW-3)
  Duration: 1 days (1114 min)
  Updates: 2
  Commits: 1
  Lines: +818 -183 across 168 files
  Outcomes: 9 AC checked
  Artifacts: 168 files tracked
  Decisions: recorded from task file

Source: /opt/999-Agentic-Engineering-Framework/.tasks/completed/T-1850-tagsarc--arcid-one-shot-migration-t-new-.md
--- exit code: 0 ---
