=== episodic-gen invocation: 2026-05-17T18:35:12Z ===
task_id: T-1882
FRAMEWORK_ROOT: /opt/999-Agentic-Engineering-Framework
PROJECT_ROOT: /opt/999-Agentic-Engineering-Framework
CONTEXT_DIR: /opt/999-Agentic-Engineering-Framework/.context
CONTEXT_AGENT: /opt/999-Agentic-Engineering-Framework/agents/context/context.sh
cwd: /opt/999-Agentic-Engineering-Framework
--- context.sh output ---
Episodic generated: /opt/999-Agentic-Engineering-Framework/.context/episodic/T-1882.yaml

  Status: ✓ complete (Auto-generated)
  Task: Promote CTL-028 status-drift check to compliance section (pre-push catches before ship)
  Duration: 0 days (7 min)
  Updates: 1
  Commits: 2
  Lines: +288 -63 across 3 files
  Outcomes: 6 AC checked
  Artifacts: 3 files tracked
  Decisions: recorded from task file

Source: /opt/999-Agentic-Engineering-Framework/.tasks/completed/T-1882-promote-ctl-028-status-drift-check-to-co.md
--- exit code: 0 ---
