=== episodic-gen invocation: 2026-05-15T20:28:28Z ===
task_id: T-1867
FRAMEWORK_ROOT: /opt/999-Agentic-Engineering-Framework
PROJECT_ROOT: /opt/999-Agentic-Engineering-Framework
CONTEXT_DIR: /opt/999-Agentic-Engineering-Framework/.context
CONTEXT_AGENT: /opt/999-Agentic-Engineering-Framework/agents/context/context.sh
cwd: /opt/999-Agentic-Engineering-Framework
--- context.sh output ---
Episodic generated: /opt/999-Agentic-Engineering-Framework/.context/episodic/T-1867.yaml

  Status: ✓ complete (Auto-generated)
  Task: classify 14 new termlink_agent_* analytics tools — convention-based readonly_exempt (T-1755/T-1760 follow-up)
  Duration: 0 days (1 min)
  Updates: 1
  Commits: 1
  Lines: +171 -3 across 2 files
  Outcomes: 5 AC checked
  Artifacts: 2 files tracked
  Decisions: recorded from task file

Source: /opt/999-Agentic-Engineering-Framework/.tasks/completed/T-1867-classify-14-new-termlinkagent-analytics-.md
--- exit code: 0 ---
