=== episodic-gen invocation: 2026-05-18T07:58:47Z ===
task_id: T-1878
FRAMEWORK_ROOT: /opt/999-Agentic-Engineering-Framework
PROJECT_ROOT: /opt/999-Agentic-Engineering-Framework
CONTEXT_DIR: /opt/999-Agentic-Engineering-Framework/.context
CONTEXT_AGENT: /opt/999-Agentic-Engineering-Framework/agents/context/context.sh
cwd: /opt/999-Agentic-Engineering-Framework
--- context.sh output ---
Episodic generated: /opt/999-Agentic-Engineering-Framework/.context/episodic/T-1878.yaml

  Status: ✓ complete (Auto-generated)
  Task: [INCEPTION] Why agents route to human review when reviewer/agent could close — structural routing-decision investigation
  Duration: 1 days (1480 min)
  Updates: 4
  Commits: 2
  Lines: +476 -15 across 3 files
  Outcomes: 4 AC checked
  Artifacts: 3 files tracked
  Decisions: recorded from task file

Source: /opt/999-Agentic-Engineering-Framework/.tasks/completed/T-1878-inception-why-agents-route-to-human-revi.md
--- exit code: 0 ---
