=== episodic-gen invocation: 2026-05-17T19:49:29Z ===
task_id: T-1884
FRAMEWORK_ROOT: /opt/999-Agentic-Engineering-Framework
PROJECT_ROOT: /opt/999-Agentic-Engineering-Framework
CONTEXT_DIR: /opt/999-Agentic-Engineering-Framework/.context
CONTEXT_AGENT: /opt/999-Agentic-Engineering-Framework/agents/context/context.sh
cwd: /opt/999-Agentic-Engineering-Framework
--- context.sh output ---
Episodic generated: /opt/999-Agentic-Engineering-Framework/.context/episodic/T-1884.yaml

  Status: ✓ complete (Auto-generated)
  Task: promote CTL-026 sovereignty-gate check to compliance section — third twin of detection-window pattern
  Duration: 0 days (9 min)
  Updates: 0
  Commits: 1
  Lines: +155 -14 across 3 files
  Outcomes: 7 AC checked
  Artifacts: 3 files tracked
  Decisions: recorded from task file

Source: /opt/999-Agentic-Engineering-Framework/.tasks/completed/T-1884-promote-ctl-026-sovereignty-gate-check-t.md
--- exit code: 0 ---
