=== episodic-gen invocation: 2026-05-18T20:48:18Z ===
task_id: T-1905
FRAMEWORK_ROOT: /opt/999-Agentic-Engineering-Framework
PROJECT_ROOT: /opt/999-Agentic-Engineering-Framework
CONTEXT_DIR: /opt/999-Agentic-Engineering-Framework/.context
CONTEXT_AGENT: /opt/999-Agentic-Engineering-Framework/agents/context/context.sh
cwd: /opt/999-Agentic-Engineering-Framework
--- context.sh output ---
Episodic generated: /opt/999-Agentic-Engineering-Framework/.context/episodic/T-1905.yaml

  Status: ✓ complete (Auto-generated)
  Task: Watchtower /arcs kanban — feature parity with /tasks (more fields, inline editing, filters)
  Duration: 0 days (66 min)
  Updates: 2
  Commits: 2
  Lines: +288 -9 across 3 files
  Outcomes: 4 AC checked
  Artifacts: 3 files tracked
  Decisions: recorded from task file

Source: /opt/999-Agentic-Engineering-Framework/.tasks/completed/T-1905-watchtower-arcs-kanban--feature-parity-w.md
--- exit code: 0 ---
