=== episodic-gen invocation: 2026-05-19T23:19:20Z ===
task_id: T-1943
FRAMEWORK_ROOT: /opt/999-Agentic-Engineering-Framework
PROJECT_ROOT: /opt/999-Agentic-Engineering-Framework
CONTEXT_DIR: /opt/999-Agentic-Engineering-Framework/.context
CONTEXT_AGENT: /opt/999-Agentic-Engineering-Framework/agents/context/context.sh
cwd: /opt/999-Agentic-Engineering-Framework
--- context.sh output ---
Episodic generated: /opt/999-Agentic-Engineering-Framework/.context/episodic/T-1943.yaml

  Status: ✓ complete (Auto-generated)
  Task: fw audit registry→generated cron drift FAIL (T-1942 audit-side sibling for
  Duration: 0 days (49 min)
  Updates: 1
  Commits: 2
  Lines: +462 -4 across 6 files
  Outcomes: 6 AC checked
  Artifacts: 5 files tracked
  Decisions: recorded from task file

Source: /opt/999-Agentic-Engineering-Framework/.tasks/completed/T-1943-fw-audit-registrygenerated-cron-drift-fa.md
--- exit code: 0 ---
