=== episodic-gen invocation: 2026-05-20T18:22:51Z ===
task_id: T-1938
FRAMEWORK_ROOT: /opt/999-Agentic-Engineering-Framework
PROJECT_ROOT: /opt/999-Agentic-Engineering-Framework
CONTEXT_DIR: /opt/999-Agentic-Engineering-Framework/.context
CONTEXT_AGENT: /opt/999-Agentic-Engineering-Framework/agents/context/context.sh
cwd: /opt/999-Agentic-Engineering-Framework
--- context.sh output ---
Episodic generated: /opt/999-Agentic-Engineering-Framework/.context/episodic/T-1938.yaml

  Status: ✓ complete (Auto-generated)
  Task: BVP T-1937 sibling — fw bvp / fw bvp T-XXX cost include proposed fallback
  Duration: 1 days (1342 min)
  Updates: 1
  Commits: 2
  Lines: +591 -19 across 4 files
  Outcomes: 8 AC checked
  Artifacts: 4 files tracked
  Decisions: recorded from task file

Source: /opt/999-Agentic-Engineering-Framework/.tasks/completed/T-1938-bvp-t-1937-sibling--fw-bvp--fw-bvp-t-xxx.md
--- exit code: 0 ---
