=== episodic-gen invocation: 2026-05-18T19:01:59Z ===
task_id: T-1903
FRAMEWORK_ROOT: /opt/999-Agentic-Engineering-Framework
PROJECT_ROOT: /opt/999-Agentic-Engineering-Framework
CONTEXT_DIR: /opt/999-Agentic-Engineering-Framework/.context
CONTEXT_AGENT: /opt/999-Agentic-Engineering-Framework/agents/context/context.sh
cwd: /opt/999-Agentic-Engineering-Framework
--- context.sh output ---
Episodic generated: /opt/999-Agentic-Engineering-Framework/.context/episodic/T-1903.yaml

  Status: ✓ complete (Auto-generated)
  Task: audit-warn + fw task archive-eligible sweep — catch stuck-partial-complete after Human-AC re-class (L-403)
  Duration: 0 days (18 min)
  Updates: 1
  Commits: 2
  Lines: +475 -0 across 4 files
  Outcomes: 5 AC checked
  Artifacts: 4 files tracked
  Decisions: recorded from task file

Source: /opt/999-Agentic-Engineering-Framework/.tasks/completed/T-1903-audit-warn--fw-task-archive-eligible-swe.md
--- exit code: 0 ---
