=== episodic-gen invocation: 2026-05-22T18:37:05Z ===
task_id: T-1981
FRAMEWORK_ROOT: /opt/999-Agentic-Engineering-Framework
PROJECT_ROOT: /opt/999-Agentic-Engineering-Framework
CONTEXT_DIR: /opt/999-Agentic-Engineering-Framework/.context
CONTEXT_AGENT: /opt/999-Agentic-Engineering-Framework/agents/context/context.sh
cwd: /opt/999-Agentic-Engineering-Framework
--- context.sh output ---
Episodic generated: /opt/999-Agentic-Engineering-Framework/.context/episodic/T-1981.yaml

  Status: ✓ complete (Auto-generated)
  Task: Inception: how should arc-scoped drivers contribute to per-task BVP?
  Duration: 1 days (1660 min)
  Updates: 2
  Commits: 2
  Lines: +274 -29 across 3 files
  Outcomes: 4 AC checked
  Artifacts: 1 files tracked
  Decisions: recorded from task file

Source: /opt/999-Agentic-Engineering-Framework/.tasks/completed/T-1981-inception-how-should-arc-scoped-drivers-.md
--- exit code: 0 ---
