=== episodic-gen invocation: 2026-05-21T13:41:31Z ===
task_id: T-1979
FRAMEWORK_ROOT: /opt/999-Agentic-Engineering-Framework
PROJECT_ROOT: /opt/999-Agentic-Engineering-Framework
CONTEXT_DIR: /opt/999-Agentic-Engineering-Framework/.context
CONTEXT_AGENT: /opt/999-Agentic-Engineering-Framework/agents/context/context.sh
cwd: /opt/999-Agentic-Engineering-Framework
--- context.sh output ---
Episodic generated: /opt/999-Agentic-Engineering-Framework/.context/episodic/T-1979.yaml

  Status: ✓ complete (Auto-generated)
  Task: T-1976 round-trip: dedup approve-driver + remove from proposed on approval
  Duration: 0 days (9 min)
  Updates: 1
  Commits: 1
  Lines: +348 -28 across 4 files
  Outcomes: 8 AC checked
  Artifacts: 4 files tracked
  Decisions: recorded from task file

Source: /opt/999-Agentic-Engineering-Framework/.tasks/completed/T-1979-t-1976-round-trip-dedup-approve-driver--.md
--- exit code: 0 ---
