=== episodic-gen invocation: 2026-05-20T18:59:36Z ===
task_id: T-1923
FRAMEWORK_ROOT: /opt/999-Agentic-Engineering-Framework
PROJECT_ROOT: /opt/999-Agentic-Engineering-Framework
CONTEXT_DIR: /opt/999-Agentic-Engineering-Framework/.context
CONTEXT_AGENT: /opt/999-Agentic-Engineering-Framework/agents/context/context.sh
cwd: /opt/999-Agentic-Engineering-Framework
--- context.sh output ---
Episodic generated: /opt/999-Agentic-Engineering-Framework/.context/episodic/T-1923.yaml

  Status: ✓ complete (Auto-generated)
  Task: BVP T-NEW-7b: bvp-estimator scheduled sweep + fw resume SLA fallback (split
  Duration: 1 days (2157 min)
  Updates: 1
  Commits: 1
  Lines: +1453 -205 across 56 files
  Outcomes: 6 AC checked
  Artifacts: 56 files tracked
  Decisions: recorded from task file

Source: /opt/999-Agentic-Engineering-Framework/.tasks/completed/T-1923-bvp-bvp-estimator-scheduled-sweep-fw-resume.md
--- exit code: 0 ---
