=== episodic-gen invocation: 2026-05-19T23:16:05Z ===
task_id: T-1942
FRAMEWORK_ROOT: /opt/999-Agentic-Engineering-Framework
PROJECT_ROOT: /opt/999-Agentic-Engineering-Framework
CONTEXT_DIR: /opt/999-Agentic-Engineering-Framework/.context
CONTEXT_AGENT: /opt/999-Agentic-Engineering-Framework/agents/context/context.sh
cwd: /opt/999-Agentic-Engineering-Framework
--- context.sh output ---
Episodic generated: /opt/999-Agentic-Engineering-Framework/.context/episodic/T-1942.yaml

  Status: ✓ complete (Auto-generated)
  Task: fw doctor cron registry→generated drift check (close L-364 cousin that bit
  Duration: 0 days (59 min)
  Updates: 1
  Commits: 1
  Lines: +473 -1 across 5 files
  Outcomes: 6 AC checked
  Artifacts: 5 files tracked
  Decisions: recorded from task file

Source: /opt/999-Agentic-Engineering-Framework/.tasks/completed/T-1942-fw-doctor-cron-registrygenerated-drift-c.md
--- exit code: 0 ---
