=== episodic-gen invocation: 2026-05-20T18:21:07Z ===
task_id: T-1937
FRAMEWORK_ROOT: /opt/999-Agentic-Engineering-Framework
PROJECT_ROOT: /opt/999-Agentic-Engineering-Framework
CONTEXT_DIR: /opt/999-Agentic-Engineering-Framework/.context
CONTEXT_AGENT: /opt/999-Agentic-Engineering-Framework/agents/context/context.sh
cwd: /opt/999-Agentic-Engineering-Framework
--- context.sh output ---
Episodic generated: /opt/999-Agentic-Engineering-Framework/.context/episodic/T-1937.yaml

  Status: ✓ complete (Auto-generated)
  Task: BVP T-1936 follow-up — fw bvp arcs CLI parity with /bvp web rollup
  Duration: 1 days (1346 min)
  Updates: 1
  Commits: 2
  Lines: +1082 -21 across 5 files
  Outcomes: 7 AC checked
  Artifacts: 3 files tracked
  Decisions: recorded from task file

Source: /opt/999-Agentic-Engineering-Framework/.tasks/completed/T-1937-bvp-t-1936-follow-up--fw-bvp-arcs-cli-pa.md
--- exit code: 0 ---
