=== episodic-gen invocation: 2026-05-22T19:36:53Z ===
task_id: T-1995
FRAMEWORK_ROOT: /opt/999-Agentic-Engineering-Framework
PROJECT_ROOT: /opt/999-Agentic-Engineering-Framework
CONTEXT_DIR: /opt/999-Agentic-Engineering-Framework/.context
CONTEXT_AGENT: /opt/999-Agentic-Engineering-Framework/agents/context/context.sh
cwd: /opt/999-Agentic-Engineering-Framework
--- context.sh output ---
Episodic generated: /opt/999-Agentic-Engineering-Framework/.context/episodic/T-1995.yaml

  Status: ✓ complete (Auto-generated)
  Task: Unit suite red on master — stale test_arc_system + test_render_artefact_paths
  Duration: 0 days (33 min)
  Updates: 2
  Commits: 1
  Lines: +483 -20 across 8 files
  Outcomes: 5 AC checked
  Challenges: 1 detected from git
  Artifacts: 8 files tracked
  Decisions: recorded from task file

Source: /opt/999-Agentic-Engineering-Framework/.tasks/completed/T-1995-unit-suite-red-on-master--stale-testarcs.md
--- exit code: 0 ---
