=== episodic-gen invocation: 2026-05-21T21:55:27Z ===
task_id: T-1950
FRAMEWORK_ROOT: /opt/999-Agentic-Engineering-Framework
PROJECT_ROOT: /opt/999-Agentic-Engineering-Framework
CONTEXT_DIR: /opt/999-Agentic-Engineering-Framework/.context
CONTEXT_AGENT: /opt/999-Agentic-Engineering-Framework/agents/context/context.sh
cwd: /opt/999-Agentic-Engineering-Framework
--- context.sh output ---
Episodic generated: /opt/999-Agentic-Engineering-Framework/.context/episodic/T-1950.yaml

  Status: ✓ complete (Auto-generated)
  Task: G-066 deliverable #2 — reviewer auto-tick Agent ACs from machine-verifiable
  Duration: 1 days (2165 min)
  Updates: 3
  Commits: 3
  Lines: +536 -19 across 4 files
  Outcomes: 3 AC checked
  Artifacts: 3 files tracked
  Decisions: recorded from task file

Source: /opt/999-Agentic-Engineering-Framework/.tasks/completed/T-1950-g-066-deliverable-2--reviewer-auto-tick-.md
--- exit code: 0 ---
