=== episodic-gen invocation: 2026-05-28T15:28:34Z ===
task_id: T-1912
FRAMEWORK_ROOT: /opt/999-Agentic-Engineering-Framework
PROJECT_ROOT: /opt/999-Agentic-Engineering-Framework
CONTEXT_DIR: /opt/999-Agentic-Engineering-Framework/.context
CONTEXT_AGENT: /opt/999-Agentic-Engineering-Framework/agents/context/context.sh
cwd: /opt/999-Agentic-Engineering-Framework
--- context.sh output ---
Episodic generated: /opt/999-Agentic-Engineering-Framework/.context/episodic/T-1912.yaml

  Status: ✓ complete (Auto-generated)
  Task: fw upgrade do_vendor step 4b runs BEFORE step 9 version-ahead check — runtime
  Duration: 10 days (13999 min)
  Updates: 1
  Commits: 3
  Lines: +418 -9 across 4 files
  Outcomes: 6 AC checked
  Challenges: 1 detected from git
  Artifacts: 4 files tracked
  Decisions: recorded from task file

Source: /opt/999-Agentic-Engineering-Framework/.tasks/completed/T-1912-fw-upgrade-dovendor-step-4b-runs-before-.md
--- exit code: 0 ---
