=== episodic-gen invocation: 2026-05-22T19:44:20Z ===
task_id: T-1996
FRAMEWORK_ROOT: /opt/999-Agentic-Engineering-Framework
PROJECT_ROOT: /opt/999-Agentic-Engineering-Framework
CONTEXT_DIR: /opt/999-Agentic-Engineering-Framework/.context
CONTEXT_AGENT: /opt/999-Agentic-Engineering-Framework/agents/context/context.sh
cwd: /opt/999-Agentic-Engineering-Framework
--- context.sh output ---
Episodic generated: /opt/999-Agentic-Engineering-Framework/.context/episodic/T-1996.yaml

  Status: ✓ complete (Auto-generated)
  Task: G-069 regression: _discover_project_root climbs past FRAMEWORK_ROOT to stray
  Duration: 0 days (8 min)
  Updates: 2
  Commits: 1
  Lines: +82 -14 across 3 files
  Outcomes: 5 AC checked
  Challenges: 1 detected from git
  Artifacts: 3 files tracked
  Decisions: recorded from task file

Source: /opt/999-Agentic-Engineering-Framework/.tasks/completed/T-1996-g-069-regression-discoverprojectroot-cli.md
--- exit code: 0 ---
