=== episodic-gen invocation: 2026-05-20T14:25:26Z ===
task_id: T-1914
FRAMEWORK_ROOT: /opt/999-Agentic-Engineering-Framework
PROJECT_ROOT: /opt/999-Agentic-Engineering-Framework
CONTEXT_DIR: /opt/999-Agentic-Engineering-Framework/.context
CONTEXT_AGENT: /opt/999-Agentic-Engineering-Framework/agents/context/context.sh
cwd: /opt/999-Agentic-Engineering-Framework
--- context.sh output ---
Episodic generated: /opt/999-Agentic-Engineering-Framework/.context/episodic/T-1914.yaml

  Status: ✓ complete (Auto-generated)
  Task: lib/arc.sh consolidate _arc_tasks_* to delegate to lib/arc_membership.sh (sibling
  Duration: 2 days (2380 min)
  Updates: 1
  Commits: 2
  Lines: +259 -76 across 3 files
  Outcomes: 8 AC checked
  Artifacts: 3 files tracked
  Decisions: recorded from task file

Source: /opt/999-Agentic-Engineering-Framework/.tasks/completed/T-1914-libarcsh-consolidate-arctasks-to-delegat.md
--- exit code: 0 ---
