=== episodic-gen invocation: 2026-05-20T18:26:25Z ===
task_id: T-1940
FRAMEWORK_ROOT: /opt/999-Agentic-Engineering-Framework
PROJECT_ROOT: /opt/999-Agentic-Engineering-Framework
CONTEXT_DIR: /opt/999-Agentic-Engineering-Framework/.context
CONTEXT_AGENT: /opt/999-Agentic-Engineering-Framework/agents/context/context.sh
cwd: /opt/999-Agentic-Engineering-Framework
--- context.sh output ---
Episodic generated: /opt/999-Agentic-Engineering-Framework/.context/episodic/T-1940.yaml

  Status: ✓ complete (Auto-generated)
  Task: BVP T-1939 sibling — Playwright pin for /arcs/<slug> bvp_mode provenance label
  Duration: 1 days (1272 min)
  Updates: 1
  Commits: 1
  Lines: +329 -0 across 2 files
  Outcomes: 6 AC checked
  Artifacts: 2 files tracked
  Decisions: recorded from task file

Source: /opt/999-Agentic-Engineering-Framework/.tasks/completed/T-1940-bvp-t-1939-sibling--playwright-pin-for-a.md
--- exit code: 0 ---
