=== episodic-gen invocation: 2026-05-20T18:55:06Z ===
task_id: T-1922
FRAMEWORK_ROOT: /opt/999-Agentic-Engineering-Framework
PROJECT_ROOT: /opt/999-Agentic-Engineering-Framework
CONTEXT_DIR: /opt/999-Agentic-Engineering-Framework/.context
CONTEXT_AGENT: /opt/999-Agentic-Engineering-Framework/agents/context/context.sh
cwd: /opt/999-Agentic-Engineering-Framework
--- context.sh output ---
Episodic generated: /opt/999-Agentic-Engineering-Framework/.context/episodic/T-1922.yaml

  Status: ✓ complete (Auto-generated)
  Task: BVP T-NEW-7a: TermLink bvp-estimator worker — harness + ready-status trigger
  Duration: 1 days (2154 min)
  Updates: 1
  Commits: 1
  Lines: +2230 -81 across 35 files
  Outcomes: 8 AC checked
  Artifacts: 35 files tracked
  Decisions: recorded from task file

Source: /opt/999-Agentic-Engineering-Framework/.tasks/completed/T-1922-bvp-termlink-bvp-estimator-worker-harness-r.md
--- exit code: 0 ---
