=== episodic-gen invocation: 2026-05-18T17:43:50Z ===
task_id: T-1901
FRAMEWORK_ROOT: /opt/999-Agentic-Engineering-Framework
PROJECT_ROOT: /opt/999-Agentic-Engineering-Framework
CONTEXT_DIR: /opt/999-Agentic-Engineering-Framework/.context
CONTEXT_AGENT: /opt/999-Agentic-Engineering-Framework/agents/context/context.sh
cwd: /opt/999-Agentic-Engineering-Framework
--- context.sh output ---
Episodic generated: /opt/999-Agentic-Engineering-Framework/.context/episodic/T-1901.yaml

  Status: ✓ complete (Auto-generated)
  Task: render-surface gate review-state regex matches only FIRST '### Human' header — duplicate Human blocks (template-comment + actual ACs) silently captured wrong block, gate returns 'empty' and never sees real [REVIEW] ACs
  Duration: 0 days (2 min)
  Updates: 1
  Commits: 2
  Lines: +360 -3 across 4 files
  Outcomes: 5 AC checked
  Artifacts: 4 files tracked
  Decisions: recorded from task file

Source: /opt/999-Agentic-Engineering-Framework/.tasks/completed/T-1901-render-surface-gate-review-state-regex-m.md
--- exit code: 0 ---
