=== episodic-gen invocation: 2026-05-20T06:49:02Z ===
task_id: T-1946
FRAMEWORK_ROOT: /opt/999-Agentic-Engineering-Framework
PROJECT_ROOT: /opt/999-Agentic-Engineering-Framework
CONTEXT_DIR: /opt/999-Agentic-Engineering-Framework/.context
CONTEXT_AGENT: /opt/999-Agentic-Engineering-Framework/agents/context/context.sh
cwd: /opt/999-Agentic-Engineering-Framework
--- context.sh output ---
Episodic generated: /opt/999-Agentic-Engineering-Framework/.context/episodic/T-1946.yaml

  Status: ✓ complete (Auto-generated)
  Task: extract bin/fw:1911 worker-kinds parity heredoc to lib + bats lint enforcing
  Duration: 0 days (6 min)
  Updates: 1
  Commits: 1
  Lines: +418 -27 across 6 files
  Outcomes: 7 AC checked
  Artifacts: 6 files tracked
  Decisions: recorded from task file

Source: /opt/999-Agentic-Engineering-Framework/.tasks/completed/T-1946-extract-binfw1911-worker-kinds-parity-he.md
--- exit code: 0 ---
