=== episodic-gen invocation: 2026-05-20T06:24:29Z ===
task_id: T-1945
FRAMEWORK_ROOT: /opt/999-Agentic-Engineering-Framework
PROJECT_ROOT: /opt/999-Agentic-Engineering-Framework
CONTEXT_DIR: /opt/999-Agentic-Engineering-Framework/.context
CONTEXT_AGENT: /opt/999-Agentic-Engineering-Framework/agents/context/context.sh
cwd: /opt/999-Agentic-Engineering-Framework
--- context.sh output ---
Episodic generated: /opt/999-Agentic-Engineering-Framework/.context/episodic/T-1945.yaml

  Status: ✓ complete (Auto-generated)
  Task: PreToolUse heredoc-in-cmd-sub guard hook for bin/fw — L-332/L-408 surface at
  Duration: 0 days (11 min)
  Updates: 1
  Commits: 1
  Lines: +529 -2 across 9 files
  Outcomes: 8 AC checked
  Artifacts: 9 files tracked
  Decisions: recorded from task file

Source: /opt/999-Agentic-Engineering-Framework/.tasks/completed/T-1945-pretooluse-heredoc-in-cmd-sub-guard-hook.md
--- exit code: 0 ---
