=== episodic-gen invocation: 2026-05-19T06:35:59Z ===
task_id: T-1915
FRAMEWORK_ROOT: /opt/999-Agentic-Engineering-Framework
PROJECT_ROOT: /opt/999-Agentic-Engineering-Framework
CONTEXT_DIR: /opt/999-Agentic-Engineering-Framework/.context
CONTEXT_AGENT: /opt/999-Agentic-Engineering-Framework/agents/context/context.sh
cwd: /opt/999-Agentic-Engineering-Framework
--- context.sh output ---
Episodic generated: /opt/999-Agentic-Engineering-Framework/.context/episodic/T-1915.yaml

  Status: ✓ complete (Auto-generated)
  Task: value-prioritisation: Business Value Points — directive-weighted prioritisation for tasks and arcs (HANDOFF-value-prioritisation-2026-05-15)
  Duration: 1 days (460 min)
  Updates: 2
  Commits: 1
  Lines: +1034 -0 across 3 files
  Outcomes: 4 AC checked
  Artifacts: 3 files tracked
  Decisions: recorded from task file

Source: /opt/999-Agentic-Engineering-Framework/.tasks/completed/T-1915-value-prioritisation-business-value-poin.md
--- exit code: 0 ---
