=== episodic-gen invocation: 2026-05-20T14:23:54Z ===
task_id: T-1913
FRAMEWORK_ROOT: /opt/999-Agentic-Engineering-Framework
PROJECT_ROOT: /opt/999-Agentic-Engineering-Framework
CONTEXT_DIR: /opt/999-Agentic-Engineering-Framework/.context
CONTEXT_AGENT: /opt/999-Agentic-Engineering-Framework/agents/context/context.sh
cwd: /opt/999-Agentic-Engineering-Framework
--- context.sh output ---
Episodic generated: /opt/999-Agentic-Engineering-Framework/.context/episodic/T-1913.yaml

  Status: ✓ complete (Auto-generated)
  Task: arc_membership slug↔NNN union — fw arc show <slug> misses tasks using NNN form,
  Duration: 2 days (2409 min)
  Updates: 1
  Commits: 2
  Lines: +481 -5 across 6 files
  Outcomes: 8 AC checked
  Challenges: 1 detected from git
  Artifacts: 6 files tracked
  Decisions: recorded from task file

Source: /opt/999-Agentic-Engineering-Framework/.tasks/completed/T-1913-arcmembership-slugnnn-union--fw-arc-show.md
--- exit code: 0 ---
