=== episodic-gen invocation: 2026-05-20T17:54:45Z ===
task_id: T-1958
FRAMEWORK_ROOT: /opt/999-Agentic-Engineering-Framework
PROJECT_ROOT: /opt/999-Agentic-Engineering-Framework
CONTEXT_DIR: /opt/999-Agentic-Engineering-Framework/.context
CONTEXT_AGENT: /opt/999-Agentic-Engineering-Framework/agents/context/context.sh
cwd: /opt/999-Agentic-Engineering-Framework
--- context.sh output ---
Episodic generated: /opt/999-Agentic-Engineering-Framework/.context/episodic/T-1958.yaml

  Status: ✓ complete (Auto-generated)
  Task: Inception: should driver CRUD (add/remove drivers, change weights) belong in
  Duration: 0 days (368 min)
  Updates: 2
  Commits: 2
  Lines: +926 -26 across 6 files
  Outcomes: 4 AC checked
  Artifacts: 1 files tracked
  Decisions: recorded from task file

Source: /opt/999-Agentic-Engineering-Framework/.tasks/completed/T-1958-inception-should-driver-crud-addremove-d.md
--- exit code: 0 ---
