=== episodic-gen invocation: 2026-05-22T19:51:22Z ===
task_id: T-1997
FRAMEWORK_ROOT: /opt/999-Agentic-Engineering-Framework
PROJECT_ROOT: /opt/999-Agentic-Engineering-Framework
CONTEXT_DIR: /opt/999-Agentic-Engineering-Framework/.context
CONTEXT_AGENT: /opt/999-Agentic-Engineering-Framework/agents/context/context.sh
cwd: /opt/999-Agentic-Engineering-Framework
--- context.sh output ---
Episodic generated: /opt/999-Agentic-Engineering-Framework/.context/episodic/T-1997.yaml

  Status: ✓ complete (Auto-generated)
  Task: Two web-route unit reds: /arcs empty-state not rendering + /file md route 404
  Duration: 0 days (15 min)
  Updates: 2
  Commits: 1
  Lines: +93 -12 across 4 files
  Outcomes: 5 AC checked
  Challenges: 1 detected from git
  Artifacts: 4 files tracked
  Decisions: recorded from task file

Source: /opt/999-Agentic-Engineering-Framework/.tasks/completed/T-1997-two-web-route-unit-reds-arcs-empty-state.md
--- exit code: 0 ---
