=== episodic-gen invocation: 2026-05-20T06:07:17Z ===
task_id: T-1944
FRAMEWORK_ROOT: /opt/999-Agentic-Engineering-Framework
PROJECT_ROOT: /opt/999-Agentic-Engineering-Framework
CONTEXT_DIR: /opt/999-Agentic-Engineering-Framework/.context
CONTEXT_AGENT: /opt/999-Agentic-Engineering-Framework/agents/context/context.sh
cwd: /opt/999-Agentic-Engineering-Framework
--- context.sh output ---
Episodic generated: /opt/999-Agentic-Engineering-Framework/.context/episodic/T-1944.yaml

  Status: ✓ complete (Auto-generated)
  Task: extract cron drift python heredoc to lib helper L-408 prevention
  Duration: 0 days (11 min)
  Updates: 1
  Commits: 1
  Lines: +339 -79 across 5 files
  Outcomes: 8 AC checked
  Artifacts: 5 files tracked
  Decisions: recorded from task file

Source: /opt/999-Agentic-Engineering-Framework/.tasks/completed/T-1944-extract-cron-drift-python-heredoc-to-lib.md
--- exit code: 0 ---
