=== episodic-gen invocation: 2026-05-20T12:06:46Z ===
task_id: T-1956
FRAMEWORK_ROOT: /opt/999-Agentic-Engineering-Framework
PROJECT_ROOT: /opt/999-Agentic-Engineering-Framework
CONTEXT_DIR: /opt/999-Agentic-Engineering-Framework/.context
CONTEXT_AGENT: /opt/999-Agentic-Engineering-Framework/agents/context/context.sh
cwd: /opt/999-Agentic-Engineering-Framework
--- context.sh output ---
Episodic generated: /opt/999-Agentic-Engineering-Framework/.context/episodic/T-1956.yaml

  Status: ✓ complete (Auto-generated)
  Task: BVP /arcs/<id> framework-driver breakdown hidden in collapsed <details> — expand
  Duration: 0 days (20 min)
  Updates: 2
  Commits: 1
  Lines: +53 -11 across 2 files
  Outcomes: 4 AC checked
  Artifacts: 2 files tracked
  Decisions: recorded from task file

Source: /opt/999-Agentic-Engineering-Framework/.tasks/completed/T-1956-bvp-arcsid-framework-driver-breakdown-hi.md
--- exit code: 0 ---
