=== episodic-gen invocation: 2026-05-20T17:54:55Z ===
task_id: T-1959
FRAMEWORK_ROOT: /opt/999-Agentic-Engineering-Framework
PROJECT_ROOT: /opt/999-Agentic-Engineering-Framework
CONTEXT_DIR: /opt/999-Agentic-Engineering-Framework/.context
CONTEXT_AGENT: /opt/999-Agentic-Engineering-Framework/agents/context/context.sh
cwd: /opt/999-Agentic-Engineering-Framework
--- context.sh output ---
Episodic generated: /opt/999-Agentic-Engineering-Framework/.context/episodic/T-1959.yaml

  Status: ✓ complete (Auto-generated)
  Task: Arc closure review parity — extend inception-decide approval pattern to fw
  Duration: 0 days (28 min)
  Updates: 6
  Commits: 1
  Lines: +195 -0 across 1 files
  Outcomes: 4 AC checked
  Artifacts: 1 files tracked
  Decisions: recorded from task file

Source: /opt/999-Agentic-Engineering-Framework/.tasks/completed/T-1959-arc-closure-review-parity--extend-incept.md
--- exit code: 0 ---
