=== episodic-gen invocation: 2026-05-21T07:17:42Z ===
task_id: T-1974
FRAMEWORK_ROOT: /opt/999-Agentic-Engineering-Framework
PROJECT_ROOT: /opt/999-Agentic-Engineering-Framework
CONTEXT_DIR: /opt/999-Agentic-Engineering-Framework/.context
CONTEXT_AGENT: /opt/999-Agentic-Engineering-Framework/agents/context/context.sh
cwd: /opt/999-Agentic-Engineering-Framework
--- context.sh output ---
Episodic generated: /opt/999-Agentic-Engineering-Framework/.context/episodic/T-1974.yaml

  Status: ✓ complete (Auto-generated)
  Task: Playwright test_bvp_page_shows_driver_weights_section stale — expects details/summary
  Duration: 0 days (2 min)
  Updates: 1
  Commits: 1
  Lines: +236 -2 across 3 files
  Outcomes: 4 AC checked
  Artifacts: 3 files tracked
  Decisions: recorded from task file

Source: /opt/999-Agentic-Engineering-Framework/.tasks/completed/T-1974-playwright-testbvppageshowsdriverweights.md
--- exit code: 0 ---
