=== episodic-gen invocation: 2026-05-21T07:04:07Z ===
task_id: T-1972
FRAMEWORK_ROOT: /opt/999-Agentic-Engineering-Framework
PROJECT_ROOT: /opt/999-Agentic-Engineering-Framework
CONTEXT_DIR: /opt/999-Agentic-Engineering-Framework/.context
CONTEXT_AGENT: /opt/999-Agentic-Engineering-Framework/agents/context/context.sh
cwd: /opt/999-Agentic-Engineering-Framework
--- context.sh output ---
Episodic generated: /opt/999-Agentic-Engineering-Framework/.context/episodic/T-1972.yaml

  Status: ✓ complete (Auto-generated)
  Task: fw bvp empty-state stale text — T-1924 'once that slice ships' references already-shipped
  Duration: 0 days (2 min)
  Updates: 1
  Commits: 1
  Lines: +209 -1 across 2 files
  Outcomes: 4 AC checked
  Artifacts: 2 files tracked
  Decisions: recorded from task file

Source: /opt/999-Agentic-Engineering-Framework/.tasks/completed/T-1972-fw-bvp-empty-state-stale-text--t-1924-on.md
--- exit code: 0 ---
