=== episodic-gen invocation: 2026-05-29T11:51:53Z ===
task_id: T-2091
FRAMEWORK_ROOT: /opt/999-Agentic-Engineering-Framework
PROJECT_ROOT: /opt/999-Agentic-Engineering-Framework
CONTEXT_DIR: /opt/999-Agentic-Engineering-Framework/.context
CONTEXT_AGENT: /opt/999-Agentic-Engineering-Framework/agents/context/context.sh
cwd: /opt/999-Agentic-Engineering-Framework
--- context.sh output ---
Episodic generated: /opt/999-Agentic-Engineering-Framework/.context/episodic/T-2091.yaml

  Status: ✓ complete (Auto-generated)
  Task: G-052 cleanup: orphaned May-22 completion work for T-1981 + T-1987 — duplicate
  Duration: 0 days (8 min)
  Updates: 1
  Commits: 1
  Lines: +357 -17 across 2 files
  Outcomes: 5 AC checked
  Artifacts: 3 files tracked
  Decisions: recorded from task file

Source: /opt/999-Agentic-Engineering-Framework/.tasks/completed/T-2091-g-052-cleanup-orphaned-may-22-completion.md
--- exit code: 0 ---
