=== episodic-gen invocation: 2026-05-25T20:48:17Z ===
task_id: T-2053
FRAMEWORK_ROOT: /opt/999-Agentic-Engineering-Framework
PROJECT_ROOT: /opt/999-Agentic-Engineering-Framework
CONTEXT_DIR: /opt/999-Agentic-Engineering-Framework/.context
CONTEXT_AGENT: /opt/999-Agentic-Engineering-Framework/agents/context/context.sh
cwd: /opt/999-Agentic-Engineering-Framework
--- context.sh output ---
Episodic generated: /opt/999-Agentic-Engineering-Framework/.context/episodic/T-2053.yaml

  Status: ✓ complete (Auto-generated)
  Task: Watchtower decide handler leaves recorded decision uncommitted (no git commit)
  Duration: 0 days (12 min)
  Updates: 2
  Commits: 1
  Lines: +344 -19 across 3 files
  Outcomes: 5 AC checked
  Artifacts: 3 files tracked
  Decisions: recorded from task file

Source: /opt/999-Agentic-Engineering-Framework/.tasks/completed/T-2053-watchtower-decide-handler-leaves-recorde.md
--- exit code: 0 ---
