=== episodic-gen invocation: 2026-05-25T19:43:51Z ===
task_id: T-2030
FRAMEWORK_ROOT: /opt/999-Agentic-Engineering-Framework
PROJECT_ROOT: /opt/999-Agentic-Engineering-Framework
CONTEXT_DIR: /opt/999-Agentic-Engineering-Framework/.context
CONTEXT_AGENT: /opt/999-Agentic-Engineering-Framework/agents/context/context.sh
cwd: /opt/999-Agentic-Engineering-Framework
--- context.sh output ---
Episodic generated: /opt/999-Agentic-Engineering-Framework/.context/episodic/T-2030.yaml

  Status: ✓ complete (Auto-generated)
  Task: review hand-offs must always emit concrete verified clickable links
  Duration: 1 days (1756 min)
  Updates: 2
  Commits: 2
  Lines: +298 -6 across 2 files
  Outcomes: 4 AC checked
  Challenges: 1 detected from git
  Artifacts: 2 files tracked
  Decisions: recorded from task file

Source: /opt/999-Agentic-Engineering-Framework/.tasks/completed/T-2030-review-hand-offs-must-always-emit-concre.md
--- exit code: 0 ---
