=== episodic-gen invocation: 2026-05-28T18:38:44Z ===
task_id: T-2076
FRAMEWORK_ROOT: /opt/999-Agentic-Engineering-Framework
PROJECT_ROOT: /opt/999-Agentic-Engineering-Framework
CONTEXT_DIR: /opt/999-Agentic-Engineering-Framework/.context
CONTEXT_AGENT: /opt/999-Agentic-Engineering-Framework/agents/context/context.sh
cwd: /opt/999-Agentic-Engineering-Framework
--- context.sh output ---
Episodic generated: /opt/999-Agentic-Engineering-Framework/.context/episodic/T-2076.yaml

  Status: ✓ complete (Auto-generated)
  Task: fw arc approve-driver triggers synchronous BVP rescore + standalone fw arc
  Duration: 0 days (34 min)
  Updates: 2
  Commits: 1
  Lines: +335 -37 across 3 files
  Outcomes: 5 AC checked
  Artifacts: 3 files tracked
  Decisions: recorded from task file

Source: /opt/999-Agentic-Engineering-Framework/.tasks/completed/T-2076-fw-arc-approve-driver-triggers-synchrono.md
--- exit code: 0 ---
