=== episodic-gen invocation: 2026-05-27T22:19:36Z ===
task_id: T-2055
FRAMEWORK_ROOT: /opt/999-Agentic-Engineering-Framework
PROJECT_ROOT: /opt/999-Agentic-Engineering-Framework
CONTEXT_DIR: /opt/999-Agentic-Engineering-Framework/.context
CONTEXT_AGENT: /opt/999-Agentic-Engineering-Framework/agents/context/context.sh
cwd: /opt/999-Agentic-Engineering-Framework
--- context.sh output ---
Episodic generated: /opt/999-Agentic-Engineering-Framework/.context/episodic/T-2055.yaml

  Status: ✓ complete (Auto-generated)
  Task: Audit detector: completable-but-not-completed tasks (Agent ACs all ticked,
  Duration: 2 days (2853 min)
  Updates: 2
  Commits: 2
  Lines: +569 -10 across 5 files
  Outcomes: 5 AC checked
  Artifacts: 5 files tracked
  Decisions: recorded from task file

Source: /opt/999-Agentic-Engineering-Framework/.tasks/completed/T-2055-audit-detector-completable-but-not-compl.md
--- exit code: 0 ---
