=== episodic-gen invocation: 2026-06-06T16:53:38Z ===
task_id: T-2093
FRAMEWORK_ROOT: /opt/999-Agentic-Engineering-Framework
PROJECT_ROOT: /opt/999-Agentic-Engineering-Framework
CONTEXT_DIR: /opt/999-Agentic-Engineering-Framework/.context
CONTEXT_AGENT: /opt/999-Agentic-Engineering-Framework/agents/context/context.sh
cwd: /opt/999-Agentic-Engineering-Framework
--- context.sh output ---
Episodic generated: /opt/999-Agentic-Engineering-Framework/.context/episodic/T-2093.yaml

  Status: ✓ complete (Auto-generated)
  Task: V1-b fw upgrade: strict exit-code discipline + rollback on mid-upgrade failure
  Duration: 8 days (11814 min)
  Updates: 3
  Commits: 2
  Lines: +286 -26 across 3 files
  Outcomes: 9 AC checked
  Artifacts: 3 files tracked
  Decisions: recorded from task file

Source: /opt/999-Agentic-Engineering-Framework/.tasks/completed/T-2093-v1-b-fw-upgrade-strict-exit-code-discipl.md
--- exit code: 0 ---
