=== episodic-gen invocation: 2026-05-28T14:07:15Z ===
task_id: T-2060
FRAMEWORK_ROOT: /opt/999-Agentic-Engineering-Framework
PROJECT_ROOT: /opt/999-Agentic-Engineering-Framework
CONTEXT_DIR: /opt/999-Agentic-Engineering-Framework/.context
CONTEXT_AGENT: /opt/999-Agentic-Engineering-Framework/agents/context/context.sh
cwd: /opt/999-Agentic-Engineering-Framework
--- context.sh output ---
Episodic generated: /opt/999-Agentic-Engineering-Framework/.context/episodic/T-2060.yaml

  Status: ✓ complete (Auto-generated)
  Task: polling containers inherit body hx-target=#content — innerHTML swap destroys
  Duration: 0 days (363 min)
  Updates: 1
  Commits: 2
  Lines: +220 -2 across 4 files
  Outcomes: 5 AC checked
  Challenges: 1 detected from git
  Artifacts: 4 files tracked
  Decisions: recorded from task file

Source: /opt/999-Agentic-Engineering-Framework/.tasks/completed/T-2060-polling-containers-inherit-body-hx-targe.md
--- exit code: 0 ---
