=== episodic-gen invocation: 2026-05-28T17:43:02Z ===
task_id: T-2071
FRAMEWORK_ROOT: /opt/999-Agentic-Engineering-Framework
PROJECT_ROOT: /opt/999-Agentic-Engineering-Framework
CONTEXT_DIR: /opt/999-Agentic-Engineering-Framework/.context
CONTEXT_AGENT: /opt/999-Agentic-Engineering-Framework/agents/context/context.sh
cwd: /opt/999-Agentic-Engineering-Framework
--- context.sh output ---
Episodic generated: /opt/999-Agentic-Engineering-Framework/.context/episodic/T-2071.yaml

  Status: ✓ complete (Auto-generated)
  Task: relocate 2 auto-deferred pickups (P-009 + P-041) whose blockers (T-1498 + T-1541) shipped — files no longer block, manual cleanup
  Duration: 0 days (2 min)
  Updates: 1
  Commits: 1
  Lines: +191 -0 across 2 files
  Outcomes: 4 AC checked
  Artifacts: 5 files tracked
  Decisions: recorded from task file

Source: /opt/999-Agentic-Engineering-Framework/.tasks/completed/T-2071-relocate-2-auto-deferred-pickups-p-009--.md
--- exit code: 0 ---
