=== episodic-gen invocation: 2026-05-27T22:03:28Z ===
task_id: T-2058
FRAMEWORK_ROOT: /opt/999-Agentic-Engineering-Framework
PROJECT_ROOT: /opt/999-Agentic-Engineering-Framework
CONTEXT_DIR: /opt/999-Agentic-Engineering-Framework/.context
CONTEXT_AGENT: /opt/999-Agentic-Engineering-Framework/agents/context/context.sh
cwd: /opt/999-Agentic-Engineering-Framework
--- context.sh output ---
Episodic generated: /opt/999-Agentic-Engineering-Framework/.context/episodic/T-2058.yaml

  Status: ✓ complete (Auto-generated)
  Task: Audit: suppress 'references non-existent task' WARN for revert-chain commits
  Duration: 0 days (922 min)
  Updates: 2
  Commits: 4
  Lines: +381 -9 across 4 files
  Outcomes: 4 AC checked
  Challenges: 3 detected from git
  Artifacts: 4 files tracked
  Decisions: recorded from task file

Source: /opt/999-Agentic-Engineering-Framework/.tasks/completed/T-2058-audit-suppress-references-non-existent-t.md
--- exit code: 0 ---
