=== episodic-gen invocation: 2026-05-23T15:33:27Z ===
task_id: T-2007
FRAMEWORK_ROOT: /opt/999-Agentic-Engineering-Framework
PROJECT_ROOT: /opt/999-Agentic-Engineering-Framework
CONTEXT_DIR: /opt/999-Agentic-Engineering-Framework/.context
CONTEXT_AGENT: /opt/999-Agentic-Engineering-Framework/agents/context/context.sh
cwd: /opt/999-Agentic-Engineering-Framework
--- context.sh output ---
Episodic generated: /opt/999-Agentic-Engineering-Framework/.context/episodic/T-2007.yaml

  Status: ✓ complete (Auto-generated)
  Task: arc-007 palette-contrast lint — unit guard so no preset ships accent-ink/accent
  Duration: 0 days (3 min)
  Updates: 1
  Commits: 2
  Lines: +350 -7 across 2 files
  Outcomes: 3 AC checked
  Artifacts: 2 files tracked
  Decisions: recorded from task file

Source: /opt/999-Agentic-Engineering-Framework/.tasks/completed/T-2007-arc-007-palette-contrast-lint--unit-guar.md
--- exit code: 0 ---
