=== episodic-gen invocation: 2026-05-25T15:52:57Z ===
task_id: T-2048
FRAMEWORK_ROOT: /opt/999-Agentic-Engineering-Framework
PROJECT_ROOT: /opt/999-Agentic-Engineering-Framework
CONTEXT_DIR: /opt/999-Agentic-Engineering-Framework/.context
CONTEXT_AGENT: /opt/999-Agentic-Engineering-Framework/agents/context/context.sh
cwd: /opt/999-Agentic-Engineering-Framework
--- context.sh output ---
Episodic generated: /opt/999-Agentic-Engineering-Framework/.context/episodic/T-2048.yaml

  Status: ✓ complete (Auto-generated)
  Task: Parametrized all-routes height guard — wire the exhaustive sweep into the test
  Duration: 0 days (6 min)
  Updates: 2
  Commits: 1
  Lines: +290 -0 across 3 files
  Outcomes: 4 AC checked
  Artifacts: 3 files tracked
  Decisions: recorded from task file

Source: /opt/999-Agentic-Engineering-Framework/.tasks/completed/T-2048-parametrized-all-routes-height-guard--wi.md
--- exit code: 0 ---
