=== episodic-gen invocation: 2026-06-06T20:19:10Z ===
task_id: T-2094
FRAMEWORK_ROOT: /opt/999-Agentic-Engineering-Framework
PROJECT_ROOT: /opt/999-Agentic-Engineering-Framework
CONTEXT_DIR: /opt/999-Agentic-Engineering-Framework/.context
CONTEXT_AGENT: /opt/999-Agentic-Engineering-Framework/agents/context/context.sh
cwd: /opt/999-Agentic-Engineering-Framework
--- context.sh output ---
Episodic generated: /opt/999-Agentic-Engineering-Framework/.context/episodic/T-2094.yaml

  Status: ✓ complete (Auto-generated)
  Task: V1-c fw upgrade: pre-flight tooling check + post-upgrade fw doctor advisory
  Duration: 8 days (12020 min)
  Updates: 3
  Commits: 1
  Lines: +364 -37 across 3 files
  Outcomes: 10 AC checked
  Artifacts: 3 files tracked
  Decisions: recorded from task file

Source: /opt/999-Agentic-Engineering-Framework/.tasks/completed/T-2094-v1-c-fw-upgrade-pre-flight-tooling-check.md
--- exit code: 0 ---
