=== episodic-gen invocation: 2026-06-01T00:03:13Z ===
task_id: T-2092
FRAMEWORK_ROOT: /opt/999-Agentic-Engineering-Framework
PROJECT_ROOT: /opt/999-Agentic-Engineering-Framework
CONTEXT_DIR: /opt/999-Agentic-Engineering-Framework/.context
CONTEXT_AGENT: /opt/999-Agentic-Engineering-Framework/agents/context/context.sh
cwd: /opt/999-Agentic-Engineering-Framework
--- context.sh output ---
Episodic generated: /opt/999-Agentic-Engineering-Framework/.context/episodic/T-2092.yaml

  Status: ✓ complete (Auto-generated)
  Task: V1-a fw upgrade: docker-based live-upgrade simulation gate (T-2078 GO, closes
  Duration: 3 days (3603 min)
  Updates: 4
  Commits: 3
  Lines: +985 -5 across 7 files
  Outcomes: 5 AC checked
  Challenges: 1 detected from git
  Artifacts: 7 files tracked
  Decisions: recorded from task file

Source: /opt/999-Agentic-Engineering-Framework/.tasks/completed/T-2092-v1-a-fw-upgrade-docker-based-live-upgrad.md
--- exit code: 0 ---
