=== episodic-gen invocation: 2026-05-25T14:48:08Z ===
task_id: T-2042
FRAMEWORK_ROOT: /opt/999-Agentic-Engineering-Framework
PROJECT_ROOT: /opt/999-Agentic-Engineering-Framework
CONTEXT_DIR: /opt/999-Agentic-Engineering-Framework/.context
CONTEXT_AGENT: /opt/999-Agentic-Engineering-Framework/agents/context/context.sh
cwd: /opt/999-Agentic-Engineering-Framework
--- context.sh output ---
Episodic generated: /opt/999-Agentic-Engineering-Framework/.context/episodic/T-2042.yaml

  Status: ✓ complete (Auto-generated)
  Task: ux-review height-check covers all parameterless Watchtower routes — close the
  Duration: 0 days (3 min)
  Updates: 1
  Commits: 1
  Lines: +357 -0 across 4 files
  Outcomes: 5 AC checked
  Artifacts: 4 files tracked
  Decisions: recorded from task file

Source: /opt/999-Agentic-Engineering-Framework/.tasks/completed/T-2042-ux-review-height-check-covers-all-parame.md
--- exit code: 0 ---
