=== episodic-gen invocation: 2026-05-24T15:14:18Z ===
task_id: T-2032
FRAMEWORK_ROOT: /opt/999-Agentic-Engineering-Framework
PROJECT_ROOT: /opt/999-Agentic-Engineering-Framework
CONTEXT_DIR: /opt/999-Agentic-Engineering-Framework/.context
CONTEXT_AGENT: /opt/999-Agentic-Engineering-Framework/agents/context/context.sh
cwd: /opt/999-Agentic-Engineering-Framework
--- context.sh output ---
Episodic generated: /opt/999-Agentic-Engineering-Framework/.context/episodic/T-2032.yaml

  Status: ✓ complete (Auto-generated)
  Task: arc-007 settings gear in top-bar nav to /settings/appearance
  Duration: 0 days (20 min)
  Updates: 1
  Commits: 1
  Lines: +479 -5 across 6 files
  Outcomes: 7 AC checked
  Artifacts: 6 files tracked
  Decisions: recorded from task file

Source: /opt/999-Agentic-Engineering-Framework/.tasks/completed/T-2032-arc-007-settings-gear-in-top-bar-nav-to-.md
--- exit code: 0 ---
