=== episodic-gen invocation: 2026-05-28T12:19:57Z ===
task_id: T-2059
FRAMEWORK_ROOT: /opt/999-Agentic-Engineering-Framework
PROJECT_ROOT: /opt/999-Agentic-Engineering-Framework
CONTEXT_DIR: /opt/999-Agentic-Engineering-Framework/.context
CONTEXT_AGENT: /opt/999-Agentic-Engineering-Framework/agents/context/context.sh
cwd: /opt/999-Agentic-Engineering-Framework
--- context.sh output ---
Episodic generated: /opt/999-Agentic-Engineering-Framework/.context/episodic/T-2059.yaml

  Status: ✓ complete (Auto-generated)
  Task: L-387 SIGPIPE detector — reviewer pattern + started-work advisory
  Duration: 0 days (276 min)
  Updates: 1
  Commits: 3
  Lines: +604 -52 across 5 files
  Outcomes: 5 AC checked
  Challenges: 1 detected from git
  Artifacts: 5 files tracked
  Decisions: recorded from task file

Source: /opt/999-Agentic-Engineering-Framework/.tasks/completed/T-2059-l-387-sigpipe-detector--reviewer-pattern.md
--- exit code: 0 ---
