=== episodic-gen invocation: 2026-05-28T15:16:16Z ===
task_id: T-2069
FRAMEWORK_ROOT: /opt/999-Agentic-Engineering-Framework
PROJECT_ROOT: /opt/999-Agentic-Engineering-Framework
CONTEXT_DIR: /opt/999-Agentic-Engineering-Framework/.context
CONTEXT_AGENT: /opt/999-Agentic-Engineering-Framework/agents/context/context.sh
cwd: /opt/999-Agentic-Engineering-Framework
--- context.sh output ---
Episodic generated: /opt/999-Agentic-Engineering-Framework/.context/episodic/T-2069.yaml

  Status: ✓ complete (Auto-generated)
  Task: Repair T-1845 frontmatter folded-scalar bleed + tighten audit guard to also
  Duration: 0 days (10 min)
  Updates: 1
  Commits: 1
  Lines: +237 -23 across 3 files
  Outcomes: 3 AC checked
  Artifacts: 3 files tracked
  Decisions: recorded from task file

Source: /opt/999-Agentic-Engineering-Framework/.tasks/completed/T-2069-repair-t-1845-frontmatter-folded-scalar-.md
--- exit code: 0 ---
