=== episodic-gen invocation: 2026-05-28T19:38:02Z ===
task_id: T-2072
FRAMEWORK_ROOT: /opt/999-Agentic-Engineering-Framework
PROJECT_ROOT: /opt/999-Agentic-Engineering-Framework
CONTEXT_DIR: /opt/999-Agentic-Engineering-Framework/.context
CONTEXT_AGENT: /opt/999-Agentic-Engineering-Framework/agents/context/context.sh
cwd: /opt/999-Agentic-Engineering-Framework
--- context.sh output ---
Episodic generated: /opt/999-Agentic-Engineering-Framework/.context/episodic/T-2072.yaml

  Status: ✓ complete (Auto-generated)
  Task: fw pickup promote-deferred — re-evaluate auto-deferred envelopes when blockers
  Duration: 0 days (114 min)
  Updates: 2
  Commits: 2
  Lines: +570 -11 across 3 files
  Outcomes: 5 AC checked
  Artifacts: 3 files tracked
  Decisions: recorded from task file

Source: /opt/999-Agentic-Engineering-Framework/.tasks/completed/T-2072-fw-pickup-promote-deferred--re-evaluate-.md
--- exit code: 0 ---
