=== episodic-gen invocation: 2026-06-06T20:34:46Z ===
task_id: T-2095
FRAMEWORK_ROOT: /opt/999-Agentic-Engineering-Framework
PROJECT_ROOT: /opt/999-Agentic-Engineering-Framework
CONTEXT_DIR: /opt/999-Agentic-Engineering-Framework/.context
CONTEXT_AGENT: /opt/999-Agentic-Engineering-Framework/agents/context/context.sh
cwd: /opt/999-Agentic-Engineering-Framework
--- context.sh output ---
Episodic generated: /opt/999-Agentic-Engineering-Framework/.context/episodic/T-2095.yaml

  Status: ✓ complete (Auto-generated)
  Task: V1-d fw upgrade: self-vendor extraction into a separate verb (T-2078 GO, closes
  Duration: 8 days (12035 min)
  Updates: 5
  Commits: 1
  Lines: +393 -59 across 4 files
  Outcomes: 10 AC checked
  Artifacts: 4 files tracked
  Decisions: recorded from task file

Source: /opt/999-Agentic-Engineering-Framework/.tasks/completed/T-2095-v1-d-fw-upgrade-self-vendor-extraction-i.md
--- exit code: 0 ---
