=== episodic-gen invocation: 2026-05-28T11:47:09Z ===
task_id: T-2056
FRAMEWORK_ROOT: /opt/999-Agentic-Engineering-Framework
PROJECT_ROOT: /opt/999-Agentic-Engineering-Framework
CONTEXT_DIR: /opt/999-Agentic-Engineering-Framework/.context
CONTEXT_AGENT: /opt/999-Agentic-Engineering-Framework/agents/context/context.sh
cwd: /opt/999-Agentic-Engineering-Framework
--- context.sh output ---
Episodic generated: /opt/999-Agentic-Engineering-Framework/.context/episodic/T-2056.yaml

  Status: ✓ complete (Auto-generated)
  Task: Fix stale preset-nav unit tests + T-2011 verification after T-2033 human-decided
  Duration: 3 days (3656 min)
  Updates: 2
  Commits: 2
  Lines: +237 -16 across 4 files
  Outcomes: 4 AC checked
  Artifacts: 4 files tracked
  Decisions: recorded from task file

Source: /opt/999-Agentic-Engineering-Framework/.tasks/completed/T-2056-fix-stale-preset-nav-unit-tests--t-2011-.md
--- exit code: 0 ---
