=== episodic-gen invocation: 2026-05-25T21:37:59Z ===
task_id: T-2050
FRAMEWORK_ROOT: /opt/999-Agentic-Engineering-Framework
PROJECT_ROOT: /opt/999-Agentic-Engineering-Framework
CONTEXT_DIR: /opt/999-Agentic-Engineering-Framework/.context
CONTEXT_AGENT: /opt/999-Agentic-Engineering-Framework/agents/context/context.sh
cwd: /opt/999-Agentic-Engineering-Framework
--- context.sh output ---
Episodic generated: /opt/999-Agentic-Engineering-Framework/.context/episodic/T-2050.yaml

  Status: ✓ complete (Auto-generated)
  Task: validate Watchtower review links against app.url_map at fw task review (T-2030
  Duration: 0 days (107 min)
  Updates: 2
  Commits: 3
  Lines: +957 -43 across 8 files
  Outcomes: 6 AC checked
  Challenges: 1 detected from git
  Artifacts: 8 files tracked
  Decisions: recorded from task file

Source: /opt/999-Agentic-Engineering-Framework/.tasks/completed/T-2050-validate-watchtower-review-links-against.md
--- exit code: 0 ---
