=== episodic-gen invocation: 2026-05-27T22:11:47Z ===
task_id: T-2036
FRAMEWORK_ROOT: /opt/999-Agentic-Engineering-Framework
PROJECT_ROOT: /opt/999-Agentic-Engineering-Framework
CONTEXT_DIR: /opt/999-Agentic-Engineering-Framework/.context
CONTEXT_AGENT: /opt/999-Agentic-Engineering-Framework/agents/context/context.sh
cwd: /opt/999-Agentic-Engineering-Framework
--- context.sh output ---
Episodic generated: /opt/999-Agentic-Engineering-Framework/.context/episodic/T-2036.yaml

  Status: ✓ complete (Auto-generated)
  Task: completed-before-commit deadlock — work-on silently fails to reactivate completed
  Duration: 2 days (3719 min)
  Updates: 2
  Commits: 1
  Lines: +249 -17 across 4 files
  Outcomes: 3 AC checked
  Artifacts: 4 files tracked
  Decisions: recorded from task file

Source: /opt/999-Agentic-Engineering-Framework/.tasks/completed/T-2036-completed-before-commit-deadlock--work-o.md
--- exit code: 0 ---
