=== episodic-gen invocation: 2026-05-28T17:38:32Z ===
task_id: T-2070
FRAMEWORK_ROOT: /opt/999-Agentic-Engineering-Framework
PROJECT_ROOT: /opt/999-Agentic-Engineering-Framework
CONTEXT_DIR: /opt/999-Agentic-Engineering-Framework/.context
CONTEXT_AGENT: /opt/999-Agentic-Engineering-Framework/agents/context/context.sh
cwd: /opt/999-Agentic-Engineering-Framework
--- context.sh output ---
Episodic generated: /opt/999-Agentic-Engineering-Framework/.context/episodic/T-2070.yaml

  Status: ✓ complete (Auto-generated)
  Task: triage 3 stale sprechloop inbox observations from 2026-02-18 — verify G-001/G-002/G-003/G-004 against current framework state, close or escalate
  Duration: 0 days (2 min)
  Updates: 1
  Commits: 1
  Lines: +196 -0 across 2 files
  Outcomes: 6 AC checked
  Artifacts: 4 files tracked
  Decisions: recorded from task file

Source: /opt/999-Agentic-Engineering-Framework/.tasks/completed/T-2070-triage-3-stale-sprechloop-inbox-observat.md
--- exit code: 0 ---
