=== episodic-gen invocation: 2026-05-28T11:50:07Z ===
task_id: T-2061
FRAMEWORK_ROOT: /opt/999-Agentic-Engineering-Framework
PROJECT_ROOT: /opt/999-Agentic-Engineering-Framework
CONTEXT_DIR: /opt/999-Agentic-Engineering-Framework/.context
CONTEXT_AGENT: /opt/999-Agentic-Engineering-Framework/agents/context/context.sh
cwd: /opt/999-Agentic-Engineering-Framework
--- context.sh output ---
Episodic generated: /opt/999-Agentic-Engineering-Framework/.context/episodic/T-2061.yaml

  Status: ✓ complete (Auto-generated)
  Task: render-surface gate: prefer actual commit diffs over body-text path tokens
  Duration: 0 days (12 min)
  Updates: 1
  Commits: 4
  Lines: +443 -133 across 4 files
  Outcomes: 5 AC checked
  Challenges: 2 detected from git
  Artifacts: 4 files tracked
  Decisions: recorded from task file

Source: /opt/999-Agentic-Engineering-Framework/.tasks/completed/T-2061-render-surface-gate-prefer-actual-commit.md
--- exit code: 0 ---
