=== episodic-gen invocation: 2026-05-28T14:29:46Z ===
task_id: T-2068
FRAMEWORK_ROOT: /opt/999-Agentic-Engineering-Framework
PROJECT_ROOT: /opt/999-Agentic-Engineering-Framework
CONTEXT_DIR: /opt/999-Agentic-Engineering-Framework/.context
CONTEXT_AGENT: /opt/999-Agentic-Engineering-Framework/agents/context/context.sh
cwd: /opt/999-Agentic-Engineering-Framework
--- context.sh output ---
Episodic generated: /opt/999-Agentic-Engineering-Framework/.context/episodic/T-2068.yaml

  Status: ✓ complete (Auto-generated)
  Task: fix shell-quote trap in update-task.sh python3 -c comment block - T-2067 follow-up
  Duration: 0 days (2 min)
  Updates: 1
  Commits: 1
  Lines: +203 -1 across 3 files
  Outcomes: 3 AC checked
  Challenges: 1 detected from git
  Artifacts: 3 files tracked
  Decisions: recorded from task file

Source: /opt/999-Agentic-Engineering-Framework/.tasks/completed/T-2068-fix-shell-quote-trap-in-update-tasksh-py.md
--- exit code: 0 ---
