=== episodic-gen invocation: 2026-05-25T08:15:33Z ===
task_id: T-2037
FRAMEWORK_ROOT: /opt/999-Agentic-Engineering-Framework
PROJECT_ROOT: /opt/999-Agentic-Engineering-Framework
CONTEXT_DIR: /opt/999-Agentic-Engineering-Framework/.context
CONTEXT_AGENT: /opt/999-Agentic-Engineering-Framework/agents/context/context.sh
cwd: /opt/999-Agentic-Engineering-Framework
--- context.sh output ---
Episodic generated: /opt/999-Agentic-Engineering-Framework/.context/episodic/T-2037.yaml

  Status: ✓ complete (Auto-generated)
  Task: T-1934 has malformed YAML frontmatter — parse error on every get_all_task_metadata
  Duration: 0 days (2 min)
  Updates: 2
  Commits: 1
  Lines: +445 -2 across 3 files
  Outcomes: 4 AC checked
  Challenges: 1 detected from git
  Artifacts: 3 files tracked
  Decisions: recorded from task file

Source: /opt/999-Agentic-Engineering-Framework/.tasks/completed/T-2037-t-1934-has-malformed-yaml-frontmatter--p.md
--- exit code: 0 ---
