=== episodic-gen invocation: 2026-05-27T23:46:16Z ===
task_id: T-2057
FRAMEWORK_ROOT: /opt/999-Agentic-Engineering-Framework
PROJECT_ROOT: /opt/999-Agentic-Engineering-Framework
CONTEXT_DIR: /opt/999-Agentic-Engineering-Framework/.context
CONTEXT_AGENT: /opt/999-Agentic-Engineering-Framework/agents/context/context.sh
cwd: /opt/999-Agentic-Engineering-Framework
--- context.sh output ---
Episodic generated: /opt/999-Agentic-Engineering-Framework/.context/episodic/T-2057.yaml

  Status: ✓ complete (Auto-generated)
  Task: L-387 SIGPIPE detector — static scan of ## Verification blocks for pipefail-fatal
  Duration: 0 days (1106 min)
  Updates: 2
  Commits: 2
  Lines: +264 -0 across 2 files
  Outcomes: 4 AC checked
  Artifacts: 2 files tracked
  Decisions: recorded from task file

Source: /opt/999-Agentic-Engineering-Framework/.tasks/completed/T-2057-l-387-sigpipe-detector--static-scan-of--.md
--- exit code: 0 ---
