=== episodic-gen invocation: 2026-05-28T20:08:47Z ===
task_id: T-2078
FRAMEWORK_ROOT: /opt/999-Agentic-Engineering-Framework
PROJECT_ROOT: /opt/999-Agentic-Engineering-Framework
CONTEXT_DIR: /opt/999-Agentic-Engineering-Framework/.context
CONTEXT_AGENT: /opt/999-Agentic-Engineering-Framework/agents/context/context.sh
cwd: /opt/999-Agentic-Engineering-Framework
--- context.sh output ---
Episodic generated: /opt/999-Agentic-Engineering-Framework/.context/episodic/T-2078.yaml

  Status: ✓ complete (Auto-generated)
  Task: deep review fw upgrade reliability for field deployment
  Duration: 0 days (10 min)
  Updates: 2
  Commits: 1
  Lines: +468 -0 across 2 files
  Outcomes: 4 AC checked
  Artifacts: 2 files tracked
  Decisions: recorded from task file

Source: /opt/999-Agentic-Engineering-Framework/.tasks/completed/T-2078-deep-review-fw-upgrade-reliability-for-f.md
--- exit code: 0 ---
