=== episodic-gen invocation: 2026-05-25T20:12:01Z ===
task_id: T-2052
FRAMEWORK_ROOT: /opt/999-Agentic-Engineering-Framework
PROJECT_ROOT: /opt/999-Agentic-Engineering-Framework
CONTEXT_DIR: /opt/999-Agentic-Engineering-Framework/.context
CONTEXT_AGENT: /opt/999-Agentic-Engineering-Framework/agents/context/context.sh
cwd: /opt/999-Agentic-Engineering-Framework
--- context.sh output ---
Episodic generated: /opt/999-Agentic-Engineering-Framework/.context/episodic/T-2052.yaml

  Status: ✓ complete (Auto-generated)
  Task: no-active-task gate deadlock: blocks fw context focus / task create / work-on
  Duration: 0 days (20 min)
  Updates: 2
  Commits: 3
  Lines: +716 -11 across 7 files
  Outcomes: 5 AC checked
  Challenges: 3 detected from git
  Artifacts: 7 files tracked
  Decisions: recorded from task file

Source: /opt/999-Agentic-Engineering-Framework/.tasks/completed/T-2052-no-active-task-gate-deadlock-blocks-fw-c.md
--- exit code: 0 ---
