=== episodic-gen invocation: 2026-05-28T21:32:27Z ===
task_id: T-2081
FRAMEWORK_ROOT: /opt/999-Agentic-Engineering-Framework
PROJECT_ROOT: /opt/999-Agentic-Engineering-Framework
CONTEXT_DIR: /opt/999-Agentic-Engineering-Framework/.context
CONTEXT_AGENT: /opt/999-Agentic-Engineering-Framework/agents/context/context.sh
cwd: /opt/999-Agentic-Engineering-Framework
--- context.sh output ---
Episodic generated: /opt/999-Agentic-Engineering-Framework/.context/episodic/T-2081.yaml

  Status: ✓ complete (Auto-generated)
  Task: RCA: complete button reappears for 1-2s after successful task complete on /review/T-XXX
  Duration: 0 days (43 min)
  Updates: 2
  Commits: 2
  Lines: +390 -11 across 2 files
  Outcomes: 4 AC checked
  Artifacts: 2 files tracked
  Decisions: recorded from task file

Source: /opt/999-Agentic-Engineering-Framework/.tasks/completed/T-2081-rca-complete-button-reappears-for-1-2s-a.md
--- exit code: 0 ---
