=== episodic-gen invocation: 2026-05-30T21:32:20Z ===
task_id: T-2122
FRAMEWORK_ROOT: /opt/999-Agentic-Engineering-Framework
PROJECT_ROOT: /opt/999-Agentic-Engineering-Framework
CONTEXT_DIR: /opt/999-Agentic-Engineering-Framework/.context
CONTEXT_AGENT: /opt/999-Agentic-Engineering-Framework/agents/context/context.sh
cwd: /opt/999-Agentic-Engineering-Framework
--- context.sh output ---
Episodic generated: /opt/999-Agentic-Engineering-Framework/.context/episodic/T-2122.yaml

  Status: ✓ complete (Auto-generated)
  Task: arc-close agent recommendation+rationale codification
  Duration: 0 days (54 min)
  Updates: 1
  Commits: 1
  Lines: +262 -0 across 1 files
  Outcomes: 4 AC checked
  Artifacts: 1 files tracked
  Decisions: recorded from task file

Source: /opt/999-Agentic-Engineering-Framework/.tasks/completed/T-2122-arc-close-agent-recommendationrationale-.md
--- exit code: 0 ---
