=== episodic-gen invocation: 2026-06-03T21:46:57Z ===
task_id: T-2196
FRAMEWORK_ROOT: /opt/999-Agentic-Engineering-Framework
PROJECT_ROOT: /opt/999-Agentic-Engineering-Framework
CONTEXT_DIR: /opt/999-Agentic-Engineering-Framework/.context
CONTEXT_AGENT: /opt/999-Agentic-Engineering-Framework/agents/context/context.sh
cwd: /opt/999-Agentic-Engineering-Framework
--- context.sh output ---
Episodic generated: /opt/999-Agentic-Engineering-Framework/.context/episodic/T-2196.yaml

  Status: ✓ complete (Auto-generated)
  Task: audit-cleanup: fabric enrich (85 unedged cards / 794 total) — close last audit
  Duration: 0 days (41 min)
  Updates: 1
  Commits: 2
  Lines: +278 -38 across 9 files
  Outcomes: 3 AC checked
  Challenges: 1 detected from git
  Artifacts: 9 files tracked
  Decisions: recorded from task file

Source: /opt/999-Agentic-Engineering-Framework/.tasks/completed/T-2196-audit-cleanup-fabric-enrich-85-unedged-c.md
--- exit code: 0 ---
