=== episodic-gen invocation: 2026-05-30T07:38:16Z ===
task_id: T-2101
FRAMEWORK_ROOT: /opt/999-Agentic-Engineering-Framework
PROJECT_ROOT: /opt/999-Agentic-Engineering-Framework
CONTEXT_DIR: /opt/999-Agentic-Engineering-Framework/.context
CONTEXT_AGENT: /opt/999-Agentic-Engineering-Framework/agents/context/context.sh
cwd: /opt/999-Agentic-Engineering-Framework
--- context.sh output ---
Episodic generated: /opt/999-Agentic-Engineering-Framework/.context/episodic/T-2101.yaml

  Status: ✓ complete (Auto-generated)
  Task: Inception feedback field — structured operator feedback channel on fw inception
  Duration: 1 days (617 min)
  Updates: 1
  Commits: 2
  Lines: +334 -4 across 3 files
  Outcomes: 4 AC checked
  Challenges: 1 detected from git
  Artifacts: 3 files tracked
  Decisions: recorded from task file

Source: /opt/999-Agentic-Engineering-Framework/.tasks/completed/T-2101-inception-feedback-field--structured-ope.md
--- exit code: 0 ---
