=== episodic-gen invocation: 2026-06-01T09:51:40Z ===
task_id: T-2159
FRAMEWORK_ROOT: /opt/999-Agentic-Engineering-Framework
PROJECT_ROOT: /opt/999-Agentic-Engineering-Framework
CONTEXT_DIR: /opt/999-Agentic-Engineering-Framework/.context
CONTEXT_AGENT: /opt/999-Agentic-Engineering-Framework/agents/context/context.sh
cwd: /opt/999-Agentic-Engineering-Framework
--- context.sh output ---
Episodic generated: /opt/999-Agentic-Engineering-Framework/.context/episodic/T-2159.yaml

  Status: ✓ complete (Auto-generated)
  Task: horizon terminal-state fix — completion→past transition + invariant guard
  Duration: 0 days (0 min)
  Updates: 2
  Commits: 1
  Lines: +169 -0 across 1 files
  Outcomes: 4 AC checked
  Artifacts: 1 files tracked
  Decisions: recorded from task file

Source: /opt/999-Agentic-Engineering-Framework/.tasks/completed/T-2159-horizon-terminal-state-fix--completionpa.md
--- exit code: 0 ---
