=== episodic-gen invocation: 2026-05-30T07:38:19Z ===
task_id: T-2100
FRAMEWORK_ROOT: /opt/999-Agentic-Engineering-Framework
PROJECT_ROOT: /opt/999-Agentic-Engineering-Framework
CONTEXT_DIR: /opt/999-Agentic-Engineering-Framework/.context
CONTEXT_AGENT: /opt/999-Agentic-Engineering-Framework/agents/context/context.sh
cwd: /opt/999-Agentic-Engineering-Framework
--- context.sh output ---
Episodic generated: /opt/999-Agentic-Engineering-Framework/.context/episodic/T-2100.yaml

  Status: ✓ complete (Auto-generated)
  Task: Enhance consumer-upgrade-test-fix-report prompt: panic-stop + dry-run + recursion
  Duration: 1 days (1035 min)
  Updates: 1
  Commits: 1
  Lines: +301 -0 across 2 files
  Outcomes: 4 AC checked
  Challenges: 1 detected from git
  Artifacts: 2 files tracked
  Decisions: recorded from task file

Source: /opt/999-Agentic-Engineering-Framework/.tasks/completed/T-2100-enhance-consumer-upgrade-test-fix-report.md
--- exit code: 0 ---
