=== episodic-gen invocation: 2026-05-30T20:13:18Z ===
task_id: T-2120
FRAMEWORK_ROOT: /opt/999-Agentic-Engineering-Framework
PROJECT_ROOT: /opt/999-Agentic-Engineering-Framework
CONTEXT_DIR: /opt/999-Agentic-Engineering-Framework/.context
CONTEXT_AGENT: /opt/999-Agentic-Engineering-Framework/agents/context/context.sh
cwd: /opt/999-Agentic-Engineering-Framework
--- context.sh output ---
Episodic generated: /opt/999-Agentic-Engineering-Framework/.context/episodic/T-2120.yaml

  Status: ✓ complete (Auto-generated)
  Task: T-2074/T-2119 follow-up: Playwright regression pinning htmx-toast.js extraction (single-listener, script loads, delegation to inline showToast)
  Duration: 0 days (4 min)
  Updates: 1
  Commits: 3
  Lines: +357 -2 across 2 files
  Outcomes: 2 AC checked
  Challenges: 1 detected from git
  Artifacts: 2 files tracked
  Decisions: recorded from task file

Source: /opt/999-Agentic-Engineering-Framework/.tasks/completed/T-2120-t-2074t-2119-follow-up-playwright-regres.md
--- exit code: 0 ---
