=== episodic-gen invocation: 2026-05-30T21:32:53Z ===
task_id: T-2115
FRAMEWORK_ROOT: /opt/999-Agentic-Engineering-Framework
PROJECT_ROOT: /opt/999-Agentic-Engineering-Framework
CONTEXT_DIR: /opt/999-Agentic-Engineering-Framework/.context
CONTEXT_AGENT: /opt/999-Agentic-Engineering-Framework/agents/context/context.sh
cwd: /opt/999-Agentic-Engineering-Framework
--- context.sh output ---
Episodic generated: /opt/999-Agentic-Engineering-Framework/.context/episodic/T-2115.yaml

  Status: ✓ complete (Auto-generated)
  Task: L-438 detector inception — htmx hx-target inheritance bounce-back detector
  Duration: 0 days (288 min)
  Updates: 1
  Commits: 2
  Lines: +270 -0 across 3 files
  Outcomes: 4 AC checked
  Artifacts: 3 files tracked
  Decisions: recorded from task file

Source: /opt/999-Agentic-Engineering-Framework/.tasks/completed/T-2115-l-438-detector-inception--htmx-hx-target.md
--- exit code: 0 ---
