=== episodic-gen invocation: 2026-06-03T22:06:41Z ===
task_id: T-2197
FRAMEWORK_ROOT: /opt/999-Agentic-Engineering-Framework
PROJECT_ROOT: /opt/999-Agentic-Engineering-Framework
CONTEXT_DIR: /opt/999-Agentic-Engineering-Framework/.context
CONTEXT_AGENT: /opt/999-Agentic-Engineering-Framework/agents/context/context.sh
cwd: /opt/999-Agentic-Engineering-Framework
--- context.sh output ---
Episodic generated: /opt/999-Agentic-Engineering-Framework/.context/episodic/T-2197.yaml

  Status: ✓ complete (Auto-generated)
  Task: OBS-043 handoff doc — G-065 cascade (T-1702 + T-1707 [REVIEW] + concerns.yaml flip)
  Duration: 0 days (4 min)
  Updates: 1
  Commits: 1
  Lines: +337 -0 across 2 files
  Outcomes: 3 AC checked
  Artifacts: 2 files tracked
  Decisions: recorded from task file

Source: /opt/999-Agentic-Engineering-Framework/.tasks/completed/T-2197-obs-043-handoff-doc--g-065-cascade-t-170.md
--- exit code: 0 ---
