=== episodic-gen invocation: 2026-05-31T07:15:39Z ===
task_id: T-2133
FRAMEWORK_ROOT: /opt/999-Agentic-Engineering-Framework
PROJECT_ROOT: /opt/999-Agentic-Engineering-Framework
CONTEXT_DIR: /opt/999-Agentic-Engineering-Framework/.context
CONTEXT_AGENT: /opt/999-Agentic-Engineering-Framework/agents/context/context.sh
cwd: /opt/999-Agentic-Engineering-Framework
--- context.sh output ---
Episodic generated: /opt/999-Agentic-Engineering-Framework/.context/episodic/T-2133.yaml

  Status: ✓ complete (Auto-generated)
  Task: T-2131 /review checkbox click silently no-ops — htmx:targetError on inherited
  Duration: 0 days (3 min)
  Updates: 2
  Commits: 1
  Lines: +273 -0 across 2 files
  Outcomes: 4 AC checked
  Challenges: 1 detected from git
  Artifacts: 2 files tracked
  Decisions: recorded from task file

Source: /opt/999-Agentic-Engineering-Framework/.tasks/completed/T-2133-t-2131-review-checkbox-click-silently-no.md
--- exit code: 0 ---
