=== episodic-gen invocation: 2026-05-30T22:37:55Z ===
task_id: T-2132
FRAMEWORK_ROOT: /opt/999-Agentic-Engineering-Framework/.agentic-framework
PROJECT_ROOT: /opt/999-Agentic-Engineering-Framework
CONTEXT_DIR: /opt/999-Agentic-Engineering-Framework/.context
CONTEXT_AGENT: /opt/999-Agentic-Engineering-Framework/.agentic-framework/agents/context/context.sh
cwd: /opt/999-Agentic-Engineering-Framework
--- context.sh output ---
Episodic generated: /opt/999-Agentic-Engineering-Framework/.context/episodic/T-2132.yaml

  Status: ✓ complete (Auto-generated)
  Task: fix-request classifier false positive on bug-class RCA gate
  Duration: 0 days (4 min)
  Updates: 1
  Commits: 1
  Lines: +273 -3 across 4 files
  Outcomes: 5 AC checked
  Challenges: 1 detected from git
  Artifacts: 4 files tracked
  Decisions: recorded from task file

Source: /opt/999-Agentic-Engineering-Framework/.tasks/completed/T-2132-fix-request-classifier-false-positive-on.md
--- exit code: 0 ---
