=== episodic-gen invocation: 2026-05-30T21:32:04Z ===
task_id: T-2118
FRAMEWORK_ROOT: /opt/999-Agentic-Engineering-Framework
PROJECT_ROOT: /opt/999-Agentic-Engineering-Framework
CONTEXT_DIR: /opt/999-Agentic-Engineering-Framework/.context
CONTEXT_AGENT: /opt/999-Agentic-Engineering-Framework/agents/context/context.sh
cwd: /opt/999-Agentic-Engineering-Framework
--- context.sh output ---
Episodic generated: /opt/999-Agentic-Engineering-Framework/.context/episodic/T-2118.yaml

  Status: ✓ auto-complete (Auto-generated)
  Task: review-handoff palette inception — why agent keeps forgetting to print full
  Duration: 0 days (162 min)
  Updates: 0
  Commits: 2
  Lines: +497 -0 across 2 files
  Outcomes: 4 AC checked
  Challenges: 1 detected from git
  Artifacts: 2 files tracked

Source: /opt/999-Agentic-Engineering-Framework/.tasks/completed/T-2118-review-handoff-palette-inception.md
--- exit code: 0 ---
