=== episodic-gen invocation: 2026-06-03T20:27:05Z ===
task_id: T-2168
FRAMEWORK_ROOT: /opt/999-Agentic-Engineering-Framework
PROJECT_ROOT: /opt/999-Agentic-Engineering-Framework
CONTEXT_DIR: /opt/999-Agentic-Engineering-Framework/.context
CONTEXT_AGENT: /opt/999-Agentic-Engineering-Framework/agents/context/context.sh
cwd: /opt/999-Agentic-Engineering-Framework
--- context.sh output ---
Episodic generated: /opt/999-Agentic-Engineering-Framework/.context/episodic/T-2168.yaml

  Status: ✓ complete (Auto-generated)
  Task: BVP estimator extension for F-RECALL + F-ORCH heuristics (T-NEW-A from T-2157/T-2165
  Duration: 2 days (2878 min)
  Updates: 3
  Commits: 2
  Lines: +428 -36 across 3 files
  Outcomes: 7 AC checked
  Challenges: 1 detected from git
  Artifacts: 3 files tracked
  Decisions: recorded from task file

Source: /opt/999-Agentic-Engineering-Framework/.tasks/completed/T-2168-bvp-estimator-extension-for-f-recall--f-.md
--- exit code: 0 ---
