=== episodic-gen invocation: 2026-06-02T13:06:13Z ===
task_id: T-2177
FRAMEWORK_ROOT: /opt/999-Agentic-Engineering-Framework
PROJECT_ROOT: /opt/999-Agentic-Engineering-Framework
CONTEXT_DIR: /opt/999-Agentic-Engineering-Framework/.context
CONTEXT_AGENT: /opt/999-Agentic-Engineering-Framework/agents/context/context.sh
cwd: /opt/999-Agentic-Engineering-Framework
--- context.sh output ---
Episodic generated: /opt/999-Agentic-Engineering-Framework/.context/episodic/T-2177.yaml

  Status: ✓ complete (Auto-generated)
  Task: Reviewer FAIL fix batch D — tighten skip-as-pass + swallowed-errors detectors
  Duration: 0 days (73 min)
  Updates: 2
  Commits: 2
  Lines: +188 -85 across 3 files
  Outcomes: 7 AC checked
  Artifacts: 3 files tracked
  Decisions: recorded from task file

Source: /opt/999-Agentic-Engineering-Framework/.tasks/completed/T-2177-reviewer-fail-fix-batch-d--tighten-skip-.md
--- exit code: 0 ---
