=== episodic-gen invocation: 2026-05-31T17:09:38Z ===
task_id: T-2144
FRAMEWORK_ROOT: /opt/999-Agentic-Engineering-Framework
PROJECT_ROOT: /opt/999-Agentic-Engineering-Framework
CONTEXT_DIR: /opt/999-Agentic-Engineering-Framework/.context
CONTEXT_AGENT: /opt/999-Agentic-Engineering-Framework/agents/context/context.sh
cwd: /opt/999-Agentic-Engineering-Framework
--- context.sh output ---
Episodic generated: /opt/999-Agentic-Engineering-Framework/.context/episodic/T-2144.yaml

  Status: ✓ complete (Auto-generated)
  Task: RCA — agent uses DEFER to abdicate advisory duty when evidence is complete
  Duration: 0 days (79 min)
  Updates: 2
  Commits: 1
  Lines: +310 -0 across 2 files
  Outcomes: 4 AC checked
  Artifacts: 2 files tracked
  Decisions: recorded from task file

Source: /opt/999-Agentic-Engineering-Framework/.tasks/completed/T-2144-rca--agent-uses-defer-to-abdicate-adviso.md
--- exit code: 0 ---
