=== episodic-gen invocation: 2026-05-29T23:06:32Z ===
task_id: T-2105
FRAMEWORK_ROOT: /opt/999-Agentic-Engineering-Framework
PROJECT_ROOT: /opt/999-Agentic-Engineering-Framework
CONTEXT_DIR: /opt/999-Agentic-Engineering-Framework/.context
CONTEXT_AGENT: /opt/999-Agentic-Engineering-Framework/agents/context/context.sh
cwd: /opt/999-Agentic-Engineering-Framework
--- context.sh output ---
Episodic generated: /opt/999-Agentic-Engineering-Framework/.context/episodic/T-2105.yaml

  Status: ✓ complete (Auto-generated)
  Task: per-route load-time playwright guard — catch next T-1954/T-2102/T-2083-class
  Duration: 0 days (21 min)
  Updates: 2
  Commits: 1
  Lines: +943 -0 across 5 files
  Outcomes: 5 AC checked
  Artifacts: 5 files tracked
  Decisions: recorded from task file

Source: /opt/999-Agentic-Engineering-Framework/.tasks/completed/T-2105-per-route-load-time-playwright-guard--ca.md
--- exit code: 0 ---
