=== episodic-gen invocation: 2026-05-31T14:34:51Z ===
task_id: T-2142
FRAMEWORK_ROOT: /opt/999-Agentic-Engineering-Framework
PROJECT_ROOT: /opt/999-Agentic-Engineering-Framework
CONTEXT_DIR: /opt/999-Agentic-Engineering-Framework/.context
CONTEXT_AGENT: /opt/999-Agentic-Engineering-Framework/agents/context/context.sh
cwd: /opt/999-Agentic-Engineering-Framework
--- context.sh output ---
Episodic generated: /opt/999-Agentic-Engineering-Framework/.context/episodic/T-2142.yaml

  Status: ✓ complete (Auto-generated)
  Task: Decompose T-2139 Human AC — 4 structural sub-clauses to Agent ACs, keep tone
  Duration: 0 days (5 min)
  Updates: 1
  Commits: 1
  Lines: +247 -50 across 4 files
  Outcomes: 5 AC checked
  Artifacts: 4 files tracked
  Decisions: recorded from task file

Source: /opt/999-Agentic-Engineering-Framework/.tasks/completed/T-2142-decompose-t-2139-human-ac--4-structural-.md
--- exit code: 0 ---
