=== episodic-gen invocation: 2026-05-30T21:31:38Z ===
task_id: T-2123
FRAMEWORK_ROOT: /opt/999-Agentic-Engineering-Framework
PROJECT_ROOT: /opt/999-Agentic-Engineering-Framework
CONTEXT_DIR: /opt/999-Agentic-Engineering-Framework/.context
CONTEXT_AGENT: /opt/999-Agentic-Engineering-Framework/agents/context/context.sh
cwd: /opt/999-Agentic-Engineering-Framework
--- context.sh output ---
Episodic generated: /opt/999-Agentic-Engineering-Framework/.context/episodic/T-2123.yaml

  Status: ✓ complete (Auto-generated)
  Task: why [REVIEWER] auto-routing isn't clearing the partial-complete backlog
  Duration: 0 days (46 min)
  Updates: 1
  Commits: 2
  Lines: +590 -0 across 2 files
  Outcomes: 4 AC checked
  Artifacts: 2 files tracked
  Decisions: recorded from task file

Source: /opt/999-Agentic-Engineering-Framework/.tasks/completed/T-2123-why-reviewer-auto-routing-isnt-clearing-.md
--- exit code: 0 ---
