=== episodic-gen invocation: 2026-05-31T17:25:11Z ===
task_id: T-2143
FRAMEWORK_ROOT: /opt/999-Agentic-Engineering-Framework
PROJECT_ROOT: /opt/999-Agentic-Engineering-Framework
CONTEXT_DIR: /opt/999-Agentic-Engineering-Framework/.context
CONTEXT_AGENT: /opt/999-Agentic-Engineering-Framework/agents/context/context.sh
cwd: /opt/999-Agentic-Engineering-Framework
--- context.sh output ---
Episodic generated: /opt/999-Agentic-Engineering-Framework/.context/episodic/T-2143.yaml

  Status: ✓ complete (Auto-generated)
  Task: RCA — agent reflexively routes prose-tone judgment to Human AC even when audience
  Duration: 0 days (103 min)
  Updates: 2
  Commits: 1
  Lines: +330 -0 across 2 files
  Outcomes: 4 AC checked
  Artifacts: 2 files tracked
  Decisions: recorded from task file

Source: /opt/999-Agentic-Engineering-Framework/.tasks/completed/T-2143-rca--agent-reflexively-routes-prose-tone.md
--- exit code: 0 ---
