=== episodic-gen invocation: 2026-05-30T21:46:29Z ===
task_id: T-2127
FRAMEWORK_ROOT: /opt/999-Agentic-Engineering-Framework
PROJECT_ROOT: /opt/999-Agentic-Engineering-Framework
CONTEXT_DIR: /opt/999-Agentic-Engineering-Framework/.context
CONTEXT_AGENT: /opt/999-Agentic-Engineering-Framework/agents/context/context.sh
cwd: /opt/999-Agentic-Engineering-Framework
--- context.sh output ---
Episodic generated: /opt/999-Agentic-Engineering-Framework/.context/episodic/T-2127.yaml

  Status: ✓ complete (Auto-generated)
  Task: lib/review.sh — repeat URL below QR + footer after separator (T-2126 build
  Duration: 0 days (2 min)
  Updates: 1
  Commits: 1
  Lines: +225 -0 across 2 files
  Outcomes: 4 AC checked
  Artifacts: 2 files tracked
  Decisions: recorded from task file

Source: /opt/999-Agentic-Engineering-Framework/.tasks/completed/T-2127-libreviewsh--repeat-url-below-qr--footer.md
--- exit code: 0 ---
