=== episodic-gen invocation: 2026-06-01T09:51:28Z ===
task_id: T-2157
FRAMEWORK_ROOT: /opt/999-Agentic-Engineering-Framework
PROJECT_ROOT: /opt/999-Agentic-Engineering-Framework
CONTEXT_DIR: /opt/999-Agentic-Engineering-Framework/.context
CONTEXT_AGENT: /opt/999-Agentic-Engineering-Framework/agents/context/context.sh
cwd: /opt/999-Agentic-Engineering-Framework
--- context.sh output ---
Episodic generated: /opt/999-Agentic-Engineering-Framework/.context/episodic/T-2157.yaml

  Status: ✓ complete (Auto-generated)
  Task: value-drivers.yaml v3 redesign — F-RECALL + F-ORCH active, F-AUTONOMY carved,
  Duration: 0 days (31 min)
  Updates: 5
  Commits: 1
  Lines: +561 -0 across 2 files
  Outcomes: 4 AC checked
  Artifacts: 2 files tracked
  Decisions: recorded from task file

Source: /opt/999-Agentic-Engineering-Framework/.tasks/completed/T-2157-value-driversyaml-v3-redesign--f-recall-.md
--- exit code: 0 ---
