=== episodic-gen invocation: 2026-05-31T07:51:52Z ===
task_id: T-2131
FRAMEWORK_ROOT: /opt/999-Agentic-Engineering-Framework
PROJECT_ROOT: /opt/999-Agentic-Engineering-Framework
CONTEXT_DIR: /opt/999-Agentic-Engineering-Framework/.context
CONTEXT_AGENT: /opt/999-Agentic-Engineering-Framework/agents/context/context.sh
cwd: /opt/999-Agentic-Engineering-Framework
--- context.sh output ---
Episodic generated: /opt/999-Agentic-Engineering-Framework/.context/episodic/T-2131.yaml

  Status: ✓ complete (Auto-generated)
  Task: web/blueprints/review.py — redirect /review/<inception-id> → /inception/<id>
  Duration: 1 days (589 min)
  Updates: 1
  Commits: 2
  Lines: +231 -0 across 3 files
  Outcomes: 5 AC checked
  Artifacts: 3 files tracked
  Decisions: recorded from task file

Source: /opt/999-Agentic-Engineering-Framework/.tasks/completed/T-2131-webblueprintsreviewpy--redirect-reviewin.md
--- exit code: 0 ---
