=== episodic-gen invocation: 2026-05-31T07:02:58Z ===
task_id: T-2130
FRAMEWORK_ROOT: /opt/999-Agentic-Engineering-Framework
PROJECT_ROOT: /opt/999-Agentic-Engineering-Framework
CONTEXT_DIR: /opt/999-Agentic-Engineering-Framework/.context
CONTEXT_AGENT: /opt/999-Agentic-Engineering-Framework/agents/context/context.sh
cwd: /opt/999-Agentic-Engineering-Framework
--- context.sh output ---
Episodic generated: /opt/999-Agentic-Engineering-Framework/.context/episodic/T-2130.yaml

  Status: ✓ complete (Auto-generated)
  Task: release T-2128 visual-verification hook adoption (version bump + push + smoke
  Duration: 1 days (541 min)
  Updates: 3
  Commits: 1
  Lines: +10 -4 across 2 files
  Outcomes: 7 AC checked
  Challenges: 1 detected from git
  Artifacts: 2 files tracked
  Decisions: recorded from task file

Source: /opt/999-Agentic-Engineering-Framework/.tasks/completed/T-2130-release-t-2128-visual-verification-hook-.md
--- exit code: 0 ---
