=== episodic-gen invocation: 2026-05-30T08:32:17Z ===
task_id: T-2104
FRAMEWORK_ROOT: /opt/999-Agentic-Engineering-Framework
PROJECT_ROOT: /opt/999-Agentic-Engineering-Framework
CONTEXT_DIR: /opt/999-Agentic-Engineering-Framework/.context
CONTEXT_AGENT: /opt/999-Agentic-Engineering-Framework/agents/context/context.sh
cwd: /opt/999-Agentic-Engineering-Framework
--- context.sh output ---
Episodic generated: /opt/999-Agentic-Engineering-Framework/.context/episodic/T-2104.yaml

  Status: ✓ complete (Auto-generated)
  Task: Playwright conftest /approvals warm-up — prevent cold-start timeout masking
  Duration: 1 days (612 min)
  Updates: 1
  Commits: 1
  Lines: +96 -0 across 2 files
  Outcomes: 4 AC checked
  Challenges: 1 detected from git
  Artifacts: 2 files tracked
  Decisions: recorded from task file

Source: /opt/999-Agentic-Engineering-Framework/.tasks/completed/T-2104-playwright-conftest-approvals-warm-up--p.md
--- exit code: 0 ---
