=== episodic-gen invocation: 2026-05-31T13:09:22Z ===
task_id: T-2138
FRAMEWORK_ROOT: /opt/999-Agentic-Engineering-Framework
PROJECT_ROOT: /opt/999-Agentic-Engineering-Framework
CONTEXT_DIR: /opt/999-Agentic-Engineering-Framework/.context
CONTEXT_AGENT: /opt/999-Agentic-Engineering-Framework/agents/context/context.sh
cwd: /opt/999-Agentic-Engineering-Framework
--- context.sh output ---
Episodic generated: /opt/999-Agentic-Engineering-Framework/.context/episodic/T-2138.yaml

  Status: ✓ complete (Auto-generated)
  Task: RCA: review-handoff homework pattern recurs despite T-2030 GO — author-time
  Duration: 0 days (115 min)
  Updates: 2
  Commits: 2
  Lines: +407 -5 across 3 files
  Outcomes: 4 AC checked
  Artifacts: 3 files tracked
  Decisions: recorded from task file

Source: /opt/999-Agentic-Engineering-Framework/.tasks/completed/T-2138-rca-review-handoff-homework-pattern-recu.md
--- exit code: 0 ---
