=== episodic-gen invocation: 2026-06-06T08:54:08Z ===
task_id: T-2225
FRAMEWORK_ROOT: /opt/999-Agentic-Engineering-Framework
PROJECT_ROOT: /opt/999-Agentic-Engineering-Framework
CONTEXT_DIR: /opt/999-Agentic-Engineering-Framework/.context
CONTEXT_AGENT: /opt/999-Agentic-Engineering-Framework/agents/context/context.sh
cwd: /opt/999-Agentic-Engineering-Framework
--- context.sh output ---
Episodic generated: /opt/999-Agentic-Engineering-Framework/.context/episodic/T-2225.yaml

  Status: ✓ complete (Auto-generated)
  Task: test-sentinel isolation — T-Test-NNN namespace + autouse PROJECT_ROOT patch
  Duration: 0 days (120 min)
  Updates: 2
  Commits: 1
  Lines: +363 -0 across 2 files
  Outcomes: 4 AC checked
  Artifacts: 2 files tracked
  Decisions: recorded from task file

Source: /opt/999-Agentic-Engineering-Framework/.tasks/completed/T-2225-test-sentinel-isolation--t-test-nnn-name.md
--- exit code: 0 ---
