=== episodic-gen invocation: 2026-06-05T23:17:29Z ===
task_id: T-2223
FRAMEWORK_ROOT: /opt/999-Agentic-Engineering-Framework
PROJECT_ROOT: /opt/999-Agentic-Engineering-Framework
CONTEXT_DIR: /opt/999-Agentic-Engineering-Framework/.context
CONTEXT_AGENT: /opt/999-Agentic-Engineering-Framework/agents/context/context.sh
cwd: /opt/999-Agentic-Engineering-Framework
--- context.sh output ---
Episodic generated: /opt/999-Agentic-Engineering-Framework/.context/episodic/T-2223.yaml

  Status: ✓ complete (Auto-generated)
  Task: fw bvp rank includes work-completed tasks — pollutes HV-LC actionable survey
  Duration: 0 days (13 min)
  Updates: 1
  Commits: 1
  Lines: +410 -5 across 3 files
  Outcomes: 5 AC checked
  Artifacts: 3 files tracked
  Decisions: recorded from task file

Source: /opt/999-Agentic-Engineering-Framework/.tasks/completed/T-2223-fw-bvp-rank-includes-work-completed-task.md
--- exit code: 0 ---
