=== episodic-gen invocation: 2026-06-06T12:29:30Z ===
task_id: T-2229
FRAMEWORK_ROOT: /opt/999-Agentic-Engineering-Framework
PROJECT_ROOT: /opt/999-Agentic-Engineering-Framework
CONTEXT_DIR: /opt/999-Agentic-Engineering-Framework/.context
CONTEXT_AGENT: /opt/999-Agentic-Engineering-Framework/agents/context/context.sh
cwd: /opt/999-Agentic-Engineering-Framework
--- context.sh output ---
Episodic generated: /opt/999-Agentic-Engineering-Framework/.context/episodic/T-2229.yaml

  Status: ✓ complete (Auto-generated)
  Task: Onboarding bootstrap gap — fw upgrade/init/vendor don't seed policy/value-drivers.yaml
  Duration: 0 days (15 min)
  Updates: 2
  Commits: 1
  Lines: +450 -0 across 2 files
  Outcomes: 4 AC checked
  Artifacts: 2 files tracked
  Decisions: recorded from task file

Source: /opt/999-Agentic-Engineering-Framework/.tasks/completed/T-2229-onboarding-bootstrap-gap--fw-upgradeinit.md
--- exit code: 0 ---
