=== episodic-gen invocation: 2026-06-06T13:01:29Z ===
task_id: T-2230
FRAMEWORK_ROOT: /opt/999-Agentic-Engineering-Framework
PROJECT_ROOT: /opt/999-Agentic-Engineering-Framework
CONTEXT_DIR: /opt/999-Agentic-Engineering-Framework/.context
CONTEXT_AGENT: /opt/999-Agentic-Engineering-Framework/agents/context/context.sh
cwd: /opt/999-Agentic-Engineering-Framework
--- context.sh output ---
Episodic generated: /opt/999-Agentic-Engineering-Framework/.context/episodic/T-2230.yaml

  Status: ✓ complete (Auto-generated)
  Task: T-2229 Slice 1 — fw bvp driver --init verb (consumer policy bootstrap)
  Duration: 0 days (9 min)
  Updates: 1
  Commits: 1
  Lines: +450 -2 across 3 files
  Outcomes: 10 AC checked
  Artifacts: 3 files tracked
  Decisions: recorded from task file

Source: /opt/999-Agentic-Engineering-Framework/.tasks/completed/T-2230-t-2229-slice-1--fw-bvp-driver---init-ver.md
--- exit code: 0 ---
