=== episodic-gen invocation: 2026-06-06T11:34:20Z ===
task_id: T-2228
FRAMEWORK_ROOT: /opt/999-Agentic-Engineering-Framework
PROJECT_ROOT: /opt/999-Agentic-Engineering-Framework
CONTEXT_DIR: /opt/999-Agentic-Engineering-Framework/.context
CONTEXT_AGENT: /opt/999-Agentic-Engineering-Framework/agents/context/context.sh
cwd: /opt/999-Agentic-Engineering-Framework
--- context.sh output ---
Episodic generated: /opt/999-Agentic-Engineering-Framework/.context/episodic/T-2228.yaml

  Status: ✓ complete (Auto-generated)
  Task: T-2225 Slice 3 — production-tool skip-list for T-Test-* sentinel namespace
  Duration: 0 days (23 min)
  Updates: 1
  Commits: 1
  Lines: +577 -9 across 9 files
  Outcomes: 10 AC checked
  Artifacts: 9 files tracked
  Decisions: recorded from task file

Source: /opt/999-Agentic-Engineering-Framework/.tasks/completed/T-2228-t-2225-slice-3--production-tool-skip-lis.md
--- exit code: 0 ---
