=== episodic-gen invocation: 2026-06-06T09:46:45Z ===
task_id: T-2227
FRAMEWORK_ROOT: /opt/999-Agentic-Engineering-Framework
PROJECT_ROOT: /opt/999-Agentic-Engineering-Framework
CONTEXT_DIR: /opt/999-Agentic-Engineering-Framework/.context
CONTEXT_AGENT: /opt/999-Agentic-Engineering-Framework/agents/context/context.sh
cwd: /opt/999-Agentic-Engineering-Framework
--- context.sh output ---
Episodic generated: /opt/999-Agentic-Engineering-Framework/.context/episodic/T-2227.yaml

  Status: ✓ complete (Auto-generated)
  Task: T-2225 Slice 2: reviewer detectors for dual-patch-missing + hardcoded numeric
  Duration: 0 days (9 min)
  Updates: 1
  Commits: 1
  Lines: +423 -0 across 2 files
  Outcomes: 7 AC checked
  Artifacts: 2 files tracked
  Decisions: recorded from task file

Source: /opt/999-Agentic-Engineering-Framework/.tasks/completed/T-2227-t-2225-slice-2-reviewer-detectors-for-du.md
--- exit code: 0 ---
