=== episodic-gen invocation: 2026-06-06T09:23:50Z ===
task_id: T-2226
FRAMEWORK_ROOT: /opt/999-Agentic-Engineering-Framework
PROJECT_ROOT: /opt/999-Agentic-Engineering-Framework
CONTEXT_DIR: /opt/999-Agentic-Engineering-Framework/.context
CONTEXT_AGENT: /opt/999-Agentic-Engineering-Framework/agents/context/context.sh
cwd: /opt/999-Agentic-Engineering-Framework
--- context.sh output ---
Episodic generated: /opt/999-Agentic-Engineering-Framework/.context/episodic/T-2226.yaml

  Status: ✓ complete (Auto-generated)
  Task: T-2225 Slice 1: T-Test-NNN sentinel namespace + autouse client_isolation fixture
  Duration: 0 days (24 min)
  Updates: 1
  Commits: 2
  Lines: +338 -54 across 2 files
  Outcomes: 6 AC checked
  Artifacts: 2 files tracked
  Decisions: recorded from task file

Source: /opt/999-Agentic-Engineering-Framework/.tasks/completed/T-2226-t-2225-slice-1-t-test-nnn-sentinel-names.md
--- exit code: 0 ---
