=== episodic-gen invocation: 2026-06-06T06:10:52Z ===
task_id: T-2224
FRAMEWORK_ROOT: /opt/999-Agentic-Engineering-Framework
PROJECT_ROOT: /opt/999-Agentic-Engineering-Framework
CONTEXT_DIR: /opt/999-Agentic-Engineering-Framework/.context
CONTEXT_AGENT: /opt/999-Agentic-Engineering-Framework/agents/context/context.sh
cwd: /opt/999-Agentic-Engineering-Framework
--- context.sh output ---
Episodic generated: /opt/999-Agentic-Engineering-Framework/.context/episodic/T-2224.yaml

  Status: ✓ complete (Auto-generated)
  Task: T-2223 follow-up: extend bvp rank filter to also skip .tasks/completed/ dir
  Duration: 1 days (404 min)
  Updates: 2
  Commits: 1
  Lines: +153 -51 across 3 files
  Outcomes: 5 AC checked
  Artifacts: 3 files tracked
  Decisions: recorded from task file

Source: /opt/999-Agentic-Engineering-Framework/.tasks/completed/T-2224-t-2223-follow-up-extend-bvp-rank-filter-.md
--- exit code: 0 ---
