=== episodic-gen invocation: 2026-06-06T13:14:35Z ===
task_id: T-2231
FRAMEWORK_ROOT: /opt/999-Agentic-Engineering-Framework
PROJECT_ROOT: /opt/999-Agentic-Engineering-Framework
CONTEXT_DIR: /opt/999-Agentic-Engineering-Framework/.context
CONTEXT_AGENT: /opt/999-Agentic-Engineering-Framework/agents/context/context.sh
cwd: /opt/999-Agentic-Engineering-Framework
--- context.sh output ---
Episodic generated: /opt/999-Agentic-Engineering-Framework/.context/episodic/T-2231.yaml

  Status: ✓ complete (Auto-generated)
  Task: Field upgrade failure on .121do — Nth recurrence of upgrade-fragility class;
  Duration: 0 days (6 min)
  Updates: 2
  Commits: 1
  Lines: +371 -0 across 2 files
  Outcomes: 4 AC checked
  Artifacts: 2 files tracked
  Decisions: recorded from task file

Source: /opt/999-Agentic-Engineering-Framework/.tasks/completed/T-2231-field-upgrade-failure-on-121do--nth-recu.md
--- exit code: 0 ---
