=== episodic-gen invocation: 2026-06-07T20:10:43Z ===
task_id: T-2242
FRAMEWORK_ROOT: /opt/999-Agentic-Engineering-Framework
PROJECT_ROOT: /opt/999-Agentic-Engineering-Framework
CONTEXT_DIR: /opt/999-Agentic-Engineering-Framework/.context
CONTEXT_AGENT: /opt/999-Agentic-Engineering-Framework/agents/context/context.sh
cwd: /opt/999-Agentic-Engineering-Framework
--- context.sh output ---
Episodic generated: /opt/999-Agentic-Engineering-Framework/.context/episodic/T-2242.yaml

  Status: ✓ complete (Auto-generated)
  Task: Class-agnostic wording for T-2240 self-vendor drift block message
  Duration: 0 days (3 min)
  Updates: 1
  Commits: 1
  Lines: +203 -6 across 3 files
  Outcomes: 4 AC checked
  Artifacts: 3 files tracked
  Decisions: recorded from task file

Source: /opt/999-Agentic-Engineering-Framework/.tasks/completed/T-2242-class-agnostic-wording-for-t-2240-self-v.md
--- exit code: 0 ---
