=== episodic-gen invocation: 2026-06-07T12:24:10Z ===
task_id: T-2235
FRAMEWORK_ROOT: /opt/999-Agentic-Engineering-Framework
PROJECT_ROOT: /opt/999-Agentic-Engineering-Framework
CONTEXT_DIR: /opt/999-Agentic-Engineering-Framework/.context
CONTEXT_AGENT: /opt/999-Agentic-Engineering-Framework/agents/context/context.sh
cwd: /opt/999-Agentic-Engineering-Framework
--- context.sh output ---
Episodic generated: /opt/999-Agentic-Engineering-Framework/.context/episodic/T-2235.yaml

  Status: ✓ complete (Auto-generated)
  Task: build fw consumer-recover wrapper — SSH+TermLink, dry-run-default, sentinel idempotency
  Duration: 0 days (8 min)
  Updates: 1
  Commits: 1
  Lines: +820 -0 across 5 files
  Outcomes: 8 AC checked
  Challenges: 1 detected from git
  Artifacts: 5 files tracked
  Decisions: recorded from task file

Source: /opt/999-Agentic-Engineering-Framework/.tasks/completed/T-2235-build-fw-consumer-recover-wrapper--sshte.md
--- exit code: 0 ---
