=== episodic-gen invocation: 2026-06-07T20:00:52Z ===
task_id: T-2241
FRAMEWORK_ROOT: /opt/999-Agentic-Engineering-Framework
PROJECT_ROOT: /opt/999-Agentic-Engineering-Framework
CONTEXT_DIR: /opt/999-Agentic-Engineering-Framework/.context
CONTEXT_AGENT: /opt/999-Agentic-Engineering-Framework/agents/context/context.sh
cwd: /opt/999-Agentic-Engineering-Framework
--- context.sh output ---
Episodic generated: /opt/999-Agentic-Engineering-Framework/.context/episodic/T-2241.yaml

  Status: ✓ complete (Auto-generated)
  Task: Extend self-vendor to sync .tasks/templates - close template drift class (F2
  Duration: 0 days (4 min)
  Updates: 1
  Commits: 1
  Lines: +589 -7 across 7 files
  Outcomes: 5 AC checked
  Artifacts: 7 files tracked
  Decisions: recorded from task file

Source: /opt/999-Agentic-Engineering-Framework/.tasks/completed/T-2241-extend-self-vendor-to-sync-taskstemplate.md
--- exit code: 0 ---
