=== episodic-gen invocation: 2026-06-07T12:12:51Z ===
task_id: T-2233
FRAMEWORK_ROOT: /opt/999-Agentic-Engineering-Framework
PROJECT_ROOT: /opt/999-Agentic-Engineering-Framework
CONTEXT_DIR: /opt/999-Agentic-Engineering-Framework/.context
CONTEXT_AGENT: /opt/999-Agentic-Engineering-Framework/agents/context/context.sh
cwd: /opt/999-Agentic-Engineering-Framework
--- context.sh output ---
Episodic generated: /opt/999-Agentic-Engineering-Framework/.context/episodic/T-2233.yaml

  Status: ✓ complete (Auto-generated)
  Task: fw consumer-recover wrapper — one-command SSH + clone + env-scoped upgrade
  Duration: 1 days (908 min)
  Updates: 2
  Commits: 2
  Lines: +497 -40 across 4 files
  Outcomes: 4 AC checked
  Artifacts: 4 files tracked
  Decisions: recorded from task file

Source: /opt/999-Agentic-Engineering-Framework/.tasks/completed/T-2233-fw-consumer-recover-wrapper--one-command.md
--- exit code: 0 ---
