=== episodic-gen invocation: 2026-06-07T11:52:25Z ===
task_id: T-2234
FRAMEWORK_ROOT: /opt/999-Agentic-Engineering-Framework
PROJECT_ROOT: /opt/999-Agentic-Engineering-Framework
CONTEXT_DIR: /opt/999-Agentic-Engineering-Framework/.context
CONTEXT_AGENT: /opt/999-Agentic-Engineering-Framework/agents/context/context.sh
cwd: /opt/999-Agentic-Engineering-Framework
--- context.sh output ---
Episodic generated: /opt/999-Agentic-Engineering-Framework/.context/episodic/T-2234.yaml

  Status: ✓ complete (Auto-generated)
  Task: incept consumer-update dispatch exercise — fold into AEF
  Duration: 0 days (7 min)
  Updates: 2
  Commits: 1
  Lines: +473 -0 across 3 files
  Outcomes: 9 AC checked
  Artifacts: 3 files tracked
  Decisions: recorded from task file

Source: /opt/999-Agentic-Engineering-Framework/.tasks/completed/T-2234-incept-consumer-update-dispatch-exercise.md
--- exit code: 0 ---
