=== AUDIT REPORT ===
Timestamp: 2026-07-07T20:20:07+02:00
Project: /opt/999-Agentic-Engineering-Framework
Sections: oe-research

=== RESEARCH PERSISTENCE OE CHECKS ===
[PASS] C-001: All 1 active inceptions have research artifacts
[PASS] C-002: commit-msg hook has research artifact check
[PASS] C-002: No research warnings logged (clean or first run)
[PASS] C-003: Research checkpoint logic present in checkpoint.sh
[PASS] C-006: All active inceptions have a real Recommendation block

=== SUMMARY ===
Pass: 5
Warn: 0
Fail: 0


=== TREND ANALYSIS ===
Repeated issues detected in last 14 days (candidates for practice):
  -      3 free driver F-ORCH: retire_when condition appears met (T-1643 completed cleanly OR G-064 closed) — review whether to retire (3 times)
  -      3 Fabric drift: 1 source file(s) have no fabric card (3 times)

Consider creating a practice to address these recurring issues.
Run: fw context add-learning "description" --task T-XXX

Audit history: 3 audit(s) in last 14 days + today

Audit saved to: /opt/999-Agentic-Engineering-Framework/.context/audits/2026-07-07.yaml

=== END AUDIT ===
