2026-04-24T13:16:21Z posted via=event.broadcast topic=channel:learnings msg_type=learning-G-059 id=L-255 origin=999-Agentic-Engineering-Framework
2026-04-24T15:05:20Z posted via=event.broadcast topic=channel:learnings msg_type=learning-P-001 id=L-256 origin=999-Agentic-Engineering-Framework
2026-04-24T15:45:56Z posted via=event.broadcast topic=channel:learnings msg_type=learning-P-001 id=L-257 origin=999-Agentic-Engineering-Framework
2026-04-24T16:16:28Z posted via=event.broadcast topic=channel:learnings msg_type=learning-P-011 id=L-258 origin=999-Agentic-Engineering-Framework
2026-04-25T05:41:14Z posted via=event.broadcast topic=channel:learnings msg_type=learning-T-1194 id=L-259 origin=999-Agentic-Engineering-Framework
2026-04-25T10:04:25Z posted via=event.broadcast topic=channel:learnings msg_type=learning-P-001 id=L-260 origin=999-Agentic-Engineering-Framework
2026-04-25T10:04:25Z posted via=event.broadcast topic=channel:learnings msg_type=learning-P-002 id=L-261 origin=999-Agentic-Engineering-Framework
2026-04-25T10:06:55Z posted via=event.broadcast topic=channel:learnings msg_type=learning-P-001 id=L-262 origin=999-Agentic-Engineering-Framework
2026-04-25T10:07:00Z posted via=event.broadcast topic=channel:learnings msg_type=learning-P-002 id=L-263 origin=999-Agentic-Engineering-Framework
2026-04-25T10:45:54Z posted via=event.broadcast topic=channel:learnings msg_type=learning-P-001 id=L-264 origin=999-Agentic-Engineering-Framework
2026-04-25T10:53:12Z posted via=event.broadcast topic=channel:learnings msg_type=learning-P-001 id=L-265 origin=999-Agentic-Engineering-Framework
2026-04-25T10:57:09Z posted via=event.broadcast topic=channel:learnings msg_type=learning-P-001 id=L-266 origin=999-Agentic-Engineering-Framework
2026-04-25T11:12:13Z posted via=event.broadcast topic=channel:learnings msg_type=learning-P-001 id=L-267 origin=999-Agentic-Engineering-Framework
2026-04-25T11:19:19Z posted via=event.broadcast topic=channel:learnings msg_type=learning-P-001 id=L-268 origin=999-Agentic-Engineering-Framework
2026-04-25T12:05:03Z posted via=event.broadcast topic=channel:learnings msg_type=learning-unknown id=L-269 origin=999-Agentic-Engineering-Framework
2026-04-25T12:11:10Z posted via=event.broadcast topic=channel:learnings msg_type=learning-P-001 id=L-269 origin=999-Agentic-Engineering-Framework
2026-04-25T12:17:20Z posted via=event.broadcast topic=channel:learnings msg_type=learning-P-001 id=L-270 origin=999-Agentic-Engineering-Framework
2026-04-25T12:28:56Z posted via=event.broadcast topic=channel:learnings msg_type=learning-P-001 id=L-271 origin=999-Agentic-Engineering-Framework
2026-04-25T13:17:29Z posted via=event.broadcast topic=channel:learnings msg_type=learning-P-002 id=L-272 origin=999-Agentic-Engineering-Framework
2026-04-25T18:10:45Z channel.post-failed id=L-273 — falling back to event.broadcast
2026-04-25T18:10:45Z posted via=event.broadcast topic=channel:learnings msg_type=learning-P-010 id=L-273 origin=999-Agentic-Engineering-Framework
2026-04-25T19:27:44Z channel.post-failed id=L-274 — falling back to event.broadcast
2026-04-25T19:27:44Z posted via=event.broadcast topic=channel:learnings msg_type=learning-P-001 id=L-274 origin=999-Agentic-Engineering-Framework
2026-04-25T19:27:47Z channel.post-failed id=L-275 — falling back to event.broadcast
2026-04-25T19:27:47Z posted via=event.broadcast topic=channel:learnings msg_type=learning-P-011 id=L-275 origin=999-Agentic-Engineering-Framework
2026-04-25T19:31:50Z channel.post-failed id=L-276 — falling back to event.broadcast
2026-04-25T19:31:50Z posted via=event.broadcast topic=channel:learnings msg_type=learning-P-001 id=L-276 origin=999-Agentic-Engineering-Framework
2026-04-25T19:42:18Z channel.post-failed id=L-277 — falling back to event.broadcast
2026-04-25T19:42:18Z posted via=event.broadcast topic=channel:learnings msg_type=learning-P-001 id=L-277 origin=999-Agentic-Engineering-Framework
2026-04-25T20:04:18Z channel.post-failed id=L-278 — falling back to event.broadcast
2026-04-25T20:04:18Z posted via=event.broadcast topic=channel:learnings msg_type=learning-P-001 id=L-278 origin=999-Agentic-Engineering-Framework
2026-04-25T20:59:28Z channel.post-failed id=L-279 — falling back to event.broadcast
2026-04-25T20:59:28Z posted via=event.broadcast topic=channel:learnings msg_type=learning-P-001 id=L-279 origin=999-Agentic-Engineering-Framework
2026-04-25T21:25:27Z channel.post-failed id=L-280 — falling back to event.broadcast
2026-04-25T21:25:27Z posted via=event.broadcast topic=channel:learnings msg_type=learning-P-001 id=L-280 origin=999-Agentic-Engineering-Framework
2026-04-26T09:12:07Z channel.post-failed id=L-281 — falling back to event.broadcast
2026-04-26T09:12:07Z posted via=event.broadcast topic=channel:learnings msg_type=learning-P-001 id=L-281 origin=999-Agentic-Engineering-Framework
2026-04-26T09:56:20Z channel.post-failed id=L-282 — falling back to event.broadcast
2026-04-26T09:56:20Z posted via=event.broadcast topic=channel:learnings msg_type=learning-P-001 id=L-282 origin=999-Agentic-Engineering-Framework
2026-04-26T11:44:42Z channel.post-failed id=L-283 — falling back to event.broadcast
2026-04-26T11:44:42Z posted via=event.broadcast topic=channel:learnings msg_type=learning-P-001 id=L-283 origin=999-Agentic-Engineering-Framework
2026-04-26T11:58:42Z channel.post-failed id=L-284 — falling back to event.broadcast
2026-04-26T11:58:42Z posted via=event.broadcast topic=channel:learnings msg_type=learning-P-001 id=L-284 origin=999-Agentic-Engineering-Framework
2026-04-26T12:02:44Z channel.post-failed id=L-285 — falling back to event.broadcast
2026-04-26T12:02:45Z posted via=event.broadcast topic=channel:learnings msg_type=learning-P-001 id=L-285 origin=999-Agentic-Engineering-Framework
2026-04-26T12:07:49Z channel.post-failed id=L-286 — falling back to event.broadcast
2026-04-26T12:07:49Z posted via=event.broadcast topic=channel:learnings msg_type=learning-P-001 id=L-286 origin=999-Agentic-Engineering-Framework
2026-04-26T13:14:35Z channel.post-failed id=L-287 — falling back to event.broadcast
2026-04-26T13:14:35Z posted via=event.broadcast topic=channel:learnings msg_type=learning-P-001 id=L-287 origin=999-Agentic-Engineering-Framework
2026-04-26T13:54:28Z channel.post-failed id=L-288 — falling back to event.broadcast
2026-04-26T13:54:28Z posted via=event.broadcast topic=channel:learnings msg_type=learning-P-001 id=L-288 origin=999-Agentic-Engineering-Framework
2026-04-26T17:30:51Z channel.post-failed id=L-289 — falling back to event.broadcast
2026-04-26T17:30:51Z posted via=event.broadcast topic=channel:learnings msg_type=learning-P-040 id=L-289 origin=999-Agentic-Engineering-Framework
2026-04-26T17:47:48Z channel.post-failed id=L-290 — falling back to event.broadcast
2026-04-26T17:47:48Z posted via=event.broadcast topic=channel:learnings msg_type=learning-ad-hoc-2026-04-26 id=L-290 origin=999-Agentic-Engineering-Framework
2026-04-26T20:53:04Z channel.post-failed id=L-291 — falling back to event.broadcast
2026-04-26T20:53:04Z posted via=event.broadcast topic=channel:learnings msg_type=learning-P-011 id=L-291 origin=999-Agentic-Engineering-Framework
2026-04-26T21:37:06Z channel.post-failed id=L-292 — falling back to event.broadcast
2026-04-26T21:37:06Z posted via=event.broadcast topic=channel:learnings msg_type=learning-P-009 id=L-292 origin=999-Agentic-Engineering-Framework
2026-04-26T22:05:03Z channel.post-failed id=L-293 — falling back to event.broadcast
2026-04-26T22:05:03Z posted via=event.broadcast topic=channel:learnings msg_type=learning-P-011 id=L-293 origin=999-Agentic-Engineering-Framework
2026-04-27T11:01:02Z channel.post-failed id=L-294 — falling back to event.broadcast
2026-04-27T11:01:02Z posted via=event.broadcast topic=channel:learnings msg_type=learning-P-002 id=L-294 origin=999-Agentic-Engineering-Framework
2026-04-27T12:18:03Z channel.post-failed id=L-295 — falling back to event.broadcast
2026-04-27T12:18:03Z posted via=event.broadcast topic=channel:learnings msg_type=learning-P-001 id=L-295 origin=999-Agentic-Engineering-Framework
2026-04-27T12:18:04Z channel.post-failed id=L-296 — falling back to event.broadcast
2026-04-27T12:18:04Z posted via=event.broadcast topic=channel:learnings msg_type=learning-P-001 id=L-296 origin=999-Agentic-Engineering-Framework
2026-04-27T13:03:16Z channel.post-failed id=L-297 — falling back to event.broadcast
2026-04-27T13:03:16Z posted via=event.broadcast topic=channel:learnings msg_type=learning-P-001 id=L-297 origin=999-Agentic-Engineering-Framework
2026-04-27T13:03:16Z channel.post-failed id=L-298 — falling back to event.broadcast
2026-04-27T13:03:16Z posted via=event.broadcast topic=channel:learnings msg_type=learning-P-001 id=L-298 origin=999-Agentic-Engineering-Framework
2026-04-27T13:30:36Z channel.post-failed id=L-299 — falling back to event.broadcast
2026-04-27T13:30:36Z posted via=event.broadcast topic=channel:learnings msg_type=learning-P-001 id=L-299 origin=999-Agentic-Engineering-Framework
2026-04-27T16:03:56Z channel.post-failed id=L-300 — falling back to event.broadcast
2026-04-27T16:03:56Z posted via=event.broadcast topic=channel:learnings msg_type=learning-P-001 id=L-300 origin=999-Agentic-Engineering-Framework
2026-04-27T16:13:20Z channel.post-failed id=L-301 — falling back to event.broadcast
2026-04-27T16:13:20Z posted via=event.broadcast topic=channel:learnings msg_type=learning-P-001 id=L-301 origin=999-Agentic-Engineering-Framework
2026-04-27T16:50:50Z channel.post-failed id=L-302 — falling back to event.broadcast
2026-04-27T16:50:50Z posted via=event.broadcast topic=channel:learnings msg_type=learning-P-001 id=L-302 origin=999-Agentic-Engineering-Framework
2026-04-27T16:51:03Z channel.post-failed id=L-303 — falling back to event.broadcast
2026-04-27T16:51:03Z posted via=event.broadcast topic=channel:learnings msg_type=learning-P-001 id=L-303 origin=999-Agentic-Engineering-Framework
2026-04-27T18:29:58Z channel.post-failed id=L-304 — falling back to event.broadcast
2026-04-27T18:29:58Z posted via=event.broadcast topic=channel:learnings msg_type=learning-P-001 id=L-304 origin=999-Agentic-Engineering-Framework
2026-04-27T18:44:06Z channel.post-failed id=L-305 — falling back to event.broadcast
2026-04-27T18:44:06Z posted via=event.broadcast topic=channel:learnings msg_type=learning-P-001 id=L-305 origin=999-Agentic-Engineering-Framework
2026-04-27T20:15:02Z channel.post-failed id=L-306 — falling back to event.broadcast
2026-04-27T20:15:02Z posted via=event.broadcast topic=channel:learnings msg_type=learning-P-001 id=L-306 origin=999-Agentic-Engineering-Framework
2026-04-27T21:01:46Z channel.post-failed id=L-307 — falling back to event.broadcast
2026-04-27T21:01:46Z posted via=event.broadcast topic=channel:learnings msg_type=learning-P-001 id=L-307 origin=999-Agentic-Engineering-Framework
2026-04-27T21:04:19Z channel.post-failed id=L-308 — falling back to event.broadcast
2026-04-27T21:04:19Z posted via=event.broadcast topic=channel:learnings msg_type=learning-P-001 id=L-308 origin=999-Agentic-Engineering-Framework
2026-04-27T21:58:08Z channel.post-failed id=L-309 — falling back to event.broadcast
2026-04-27T21:58:08Z posted via=event.broadcast topic=channel:learnings msg_type=learning-P-001 id=L-309 origin=999-Agentic-Engineering-Framework
2026-04-28T08:24:12Z channel.post-failed id=L-310 — falling back to event.broadcast
2026-04-28T08:24:12Z posted via=event.broadcast topic=channel:learnings msg_type=learning-P-001 id=L-310 origin=999-Agentic-Engineering-Framework
2026-04-28T11:21:46Z channel.post-failed id=L-311 — falling back to event.broadcast
2026-04-28T11:21:46Z posted via=event.broadcast topic=channel:learnings msg_type=learning-P-001 id=L-311 origin=999-Agentic-Engineering-Framework
2026-04-28T11:21:54Z channel.post-failed id=L-312 — falling back to event.broadcast
2026-04-28T11:21:54Z posted via=event.broadcast topic=channel:learnings msg_type=learning-P-001 id=L-312 origin=999-Agentic-Engineering-Framework
2026-04-28T11:42:23Z channel.post-failed id=L-313 — falling back to event.broadcast
2026-04-28T11:42:23Z posted via=event.broadcast topic=channel:learnings msg_type=learning-P-001 id=L-313 origin=999-Agentic-Engineering-Framework
2026-04-28T12:14:18Z channel.post-failed id=L-314 — falling back to event.broadcast
2026-04-28T12:14:18Z posted via=event.broadcast topic=channel:learnings msg_type=learning-P-001 id=L-314 origin=999-Agentic-Engineering-Framework
2026-04-28T12:32:48Z channel.post-failed id=L-315 — falling back to event.broadcast
2026-04-28T12:32:48Z posted via=event.broadcast topic=channel:learnings msg_type=learning-P-001 id=L-315 origin=999-Agentic-Engineering-Framework
2026-04-28T13:41:23Z channel.post-failed id=L-316 — falling back to event.broadcast
2026-04-28T13:41:23Z posted via=event.broadcast topic=channel:learnings msg_type=learning-unknown id=L-316 origin=999-Agentic-Engineering-Framework
2026-04-28T14:05:58Z channel.post-failed id=L-316 — falling back to event.broadcast
2026-04-28T14:05:58Z posted via=event.broadcast topic=channel:learnings msg_type=learning-P-001 id=L-316 origin=999-Agentic-Engineering-Framework
2026-04-28T16:19:31Z channel.post-failed id=L-317 — falling back to event.broadcast
2026-04-28T16:19:31Z posted via=event.broadcast topic=channel:learnings msg_type=learning-P-001 id=L-317 origin=999-Agentic-Engineering-Framework
2026-04-28T16:32:02Z channel.post-failed id=L-318 — falling back to event.broadcast
2026-04-28T16:32:03Z posted via=event.broadcast topic=channel:learnings msg_type=learning-unknown id=L-318 origin=999-Agentic-Engineering-Framework
2026-04-28T16:39:15Z channel.post-failed id=L-318 — falling back to event.broadcast
2026-04-28T16:39:15Z posted via=event.broadcast topic=channel:learnings msg_type=learning-P-001 id=L-318 origin=999-Agentic-Engineering-Framework
2026-04-28T17:35:45Z channel.post-failed id=L-319 — falling back to event.broadcast
2026-04-28T17:35:45Z posted via=event.broadcast topic=channel:learnings msg_type=learning-P-009 id=L-319 origin=999-Agentic-Engineering-Framework
2026-04-28T18:59:46Z channel.post-failed id=L-320 — falling back to event.broadcast
2026-04-28T18:59:46Z posted via=event.broadcast topic=channel:learnings msg_type=learning-P-001 id=L-320 origin=999-Agentic-Engineering-Framework
2026-04-28T20:09:56Z channel.post-failed id=L-321 — falling back to event.broadcast
2026-04-28T20:09:56Z posted via=event.broadcast topic=channel:learnings msg_type=learning-P-001 id=L-321 origin=999-Agentic-Engineering-Framework
2026-04-28T20:19:46Z channel.post-failed id=L-322 — falling back to event.broadcast
2026-04-28T20:19:46Z posted via=event.broadcast topic=channel:learnings msg_type=learning-P-001 id=L-322 origin=999-Agentic-Engineering-Framework
2026-04-28T21:20:00Z channel.post-failed id=L-323 — falling back to event.broadcast
2026-04-28T21:20:00Z posted via=event.broadcast topic=channel:learnings msg_type=learning-P-002 id=L-323 origin=999-Agentic-Engineering-Framework
2026-04-29T18:21:31Z channel.post-failed id=L-324 — falling back to event.broadcast
2026-04-29T18:21:31Z posted via=event.broadcast topic=channel:learnings msg_type=learning-P-001 id=L-324 origin=999-Agentic-Engineering-Framework
2026-04-29T18:29:33Z channel.post-failed id=L-325 — falling back to event.broadcast
2026-04-29T18:29:33Z posted via=event.broadcast topic=channel:learnings msg_type=learning-P-001 id=L-325 origin=999-Agentic-Engineering-Framework
2026-04-29T18:41:20Z channel.post-failed id=L-326 — falling back to event.broadcast
2026-04-29T18:41:20Z posted via=event.broadcast topic=channel:learnings msg_type=learning-unknown id=L-326 origin=999-Agentic-Engineering-Framework
2026-04-29T18:50:09Z channel.post-failed id=L-326 — falling back to event.broadcast
2026-04-29T18:50:09Z posted via=event.broadcast topic=channel:learnings msg_type=learning-P-001 id=L-326 origin=999-Agentic-Engineering-Framework
2026-04-29T19:39:40Z channel.post-failed id=L-327 — falling back to event.broadcast
2026-04-29T19:39:40Z posted via=event.broadcast topic=channel:learnings msg_type=learning-P-011 id=L-327 origin=999-Agentic-Engineering-Framework
2026-04-30T00:41:38Z channel.post-failed id=L-328 — falling back to event.broadcast
2026-04-30T00:41:38Z posted via=event.broadcast topic=channel:learnings msg_type=learning-unknown id=L-328 origin=999-Agentic-Engineering-Framework
2026-04-30T00:48:53Z channel.post-failed id=L-328 — falling back to event.broadcast
2026-04-30T00:48:53Z posted via=event.broadcast topic=channel:learnings msg_type=learning-unknown id=L-328 origin=999-Agentic-Engineering-Framework
2026-04-30T19:16:25Z channel.post-failed id=L-328 — falling back to event.broadcast
2026-04-30T19:16:25Z posted via=event.broadcast topic=channel:learnings msg_type=learning-P-001 id=L-328 origin=999-Agentic-Engineering-Framework
2026-04-30T20:27:03Z channel.post-failed id=L-329 — falling back to event.broadcast
2026-04-30T20:27:03Z posted via=event.broadcast topic=channel:learnings msg_type=learning-P-001 id=L-329 origin=999-Agentic-Engineering-Framework
2026-04-30T21:27:59Z channel.post-failed id=L-330 — falling back to event.broadcast
2026-04-30T21:27:59Z posted via=event.broadcast topic=channel:learnings msg_type=learning-P-001 id=L-330 origin=999-Agentic-Engineering-Framework
2026-05-01T07:20:31Z channel.post-failed id=L-331 — falling back to event.broadcast
2026-05-01T07:20:31Z posted via=event.broadcast topic=channel:learnings msg_type=learning-T-1626 id=L-331 origin=999-Agentic-Engineering-Framework
2026-05-01T07:35:13Z channel.post-failed id=L-332 — falling back to event.broadcast
2026-05-01T07:35:13Z posted via=event.broadcast topic=channel:learnings msg_type=learning-T-1626 id=L-332 origin=999-Agentic-Engineering-Framework
2026-05-01T10:54:53Z channel.post-failed id=L-333 — falling back to event.broadcast
2026-05-01T10:54:53Z posted via=event.broadcast topic=channel:learnings msg_type=learning-P-001 id=L-333 origin=999-Agentic-Engineering-Framework
2026-05-01T11:53:54Z channel.post-failed id=L-334 — falling back to event.broadcast
2026-05-01T11:53:54Z posted via=event.broadcast topic=channel:learnings msg_type=learning-P-007 id=L-334 origin=999-Agentic-Engineering-Framework
2026-05-01T12:21:16Z channel.post-failed id=L-335 — falling back to event.broadcast
2026-05-01T12:21:16Z posted via=event.broadcast topic=channel:learnings msg_type=learning-P-006 id=L-335 origin=999-Agentic-Engineering-Framework
2026-05-01T16:25:46Z channel.post-failed id=L-336 — falling back to event.broadcast
2026-05-01T16:25:46Z posted via=event.broadcast topic=channel:learnings msg_type=learning-P-001 id=L-336 origin=999-Agentic-Engineering-Framework
2026-05-01T16:38:28Z channel.post-failed id=L-337 — falling back to event.broadcast
2026-05-01T16:38:28Z posted via=event.broadcast topic=channel:learnings msg_type=learning-P-001 id=L-337 origin=999-Agentic-Engineering-Framework
2026-05-01T16:43:55Z channel.post-failed id=L-338 — falling back to event.broadcast
2026-05-01T16:43:55Z posted via=event.broadcast topic=channel:learnings msg_type=learning-P-001 id=L-338 origin=999-Agentic-Engineering-Framework
2026-05-01T20:39:05Z channel.post-failed id=L-339 — falling back to event.broadcast
2026-05-01T20:39:05Z posted via=event.broadcast topic=channel:learnings msg_type=learning-P-011 id=L-339 origin=999-Agentic-Engineering-Framework
2026-05-01T20:53:04Z channel.post-failed id=L-340 — falling back to event.broadcast
2026-05-01T20:53:04Z posted via=event.broadcast topic=channel:learnings msg_type=learning-P-009 id=L-340 origin=999-Agentic-Engineering-Framework
2026-05-02T05:39:10Z posted via=channel.post topic=channel:learnings msg_type=learning-P-011 id=L-341 origin=999-Agentic-Engineering-Framework
2026-05-02T09:13:53Z posted via=channel.post topic=channel:learnings msg_type=learning-P-009 id=L-342 origin=999-Agentic-Engineering-Framework
2026-05-02T09:13:58Z posted via=channel.post topic=channel:learnings msg_type=learning-P-009 id=L-343 origin=999-Agentic-Engineering-Framework
2026-05-02T17:36:33Z posted via=channel.post topic=channel:learnings msg_type=learning-G-064 id=L-344 origin=999-Agentic-Engineering-Framework
2026-05-03T07:36:38Z posted via=channel.post topic=channel:learnings msg_type=learning-P-001 id=L-345 origin=999-Agentic-Engineering-Framework
2026-05-03T19:01:38Z posted via=channel.post topic=channel:learnings msg_type=learning-T-1700 id=L-346 origin=999-Agentic-Engineering-Framework
2026-05-03T19:58:26Z posted via=channel.post topic=channel:learnings msg_type=learning-P-001 id=L-347 origin=999-Agentic-Engineering-Framework
2026-05-03T20:29:17Z posted via=channel.post topic=channel:learnings msg_type=learning-P-001 id=L-348 origin=999-Agentic-Engineering-Framework
2026-05-04T15:28:02Z posted via=channel.post topic=channel:learnings msg_type=learning-P-002 id=L-349 origin=999-Agentic-Engineering-Framework
2026-05-04T19:26:28Z posted via=channel.post topic=channel:learnings msg_type=learning-P-002 id=L-350 origin=999-Agentic-Engineering-Framework
2026-05-04T21:57:04Z posted via=channel.post topic=channel:learnings msg_type=learning-P-011 id=L-351 origin=999-Agentic-Engineering-Framework
2026-05-05T07:38:27Z posted via=channel.post topic=channel:learnings msg_type=learning-P-001 id=L-352 origin=999-Agentic-Engineering-Framework
2026-05-05T08:14:46Z posted via=channel.post topic=channel:learnings msg_type=learning-T-1736 id=L-353 origin=999-Agentic-Engineering-Framework
2026-05-05T08:21:03Z posted via=channel.post topic=channel:learnings msg_type=learning-T-1740 id=L-354 origin=999-Agentic-Engineering-Framework
2026-05-05T11:36:02Z posted via=channel.post topic=channel:learnings msg_type=learning-P-001 id=L-355 origin=999-Agentic-Engineering-Framework
2026-05-05T11:46:21Z posted via=channel.post topic=channel:learnings msg_type=learning-P-001 id=L-356 origin=999-Agentic-Engineering-Framework
2026-05-05T18:07:04Z posted via=channel.post topic=channel:learnings msg_type=learning-P-001 id=L-357 origin=999-Agentic-Engineering-Framework
2026-05-05T18:29:18Z posted via=channel.post topic=channel:learnings msg_type=learning-P-001 id=L-358 origin=999-Agentic-Engineering-Framework
2026-05-05T19:22:14Z posted via=channel.post topic=channel:learnings msg_type=learning-P-001 id=L-359 origin=999-Agentic-Engineering-Framework
2026-05-06T09:57:33Z posted via=channel.post topic=channel:learnings msg_type=learning-P-002 id=L-360 origin=999-Agentic-Engineering-Framework
2026-05-06T10:53:03Z posted via=channel.post topic=channel:learnings msg_type=learning-P-001 id=L-361 origin=999-Agentic-Engineering-Framework
2026-05-06T11:07:51Z posted via=channel.post topic=channel:learnings msg_type=learning-P-001 id=L-362 origin=999-Agentic-Engineering-Framework
2026-05-06T11:25:53Z posted via=channel.post topic=channel:learnings msg_type=learning-P-001 id=L-363 origin=999-Agentic-Engineering-Framework
2026-05-06T16:53:32Z posted via=channel.post topic=channel:learnings msg_type=learning-P-001 id=L-366 origin=999-Agentic-Engineering-Framework
2026-05-06T17:55:10Z posted via=channel.post topic=channel:learnings msg_type=learning-P-001 id=L-367 origin=999-Agentic-Engineering-Framework
2026-05-13T18:22:19Z posted via=channel.post topic=channel:learnings msg_type=learning-P-001 id=L-368 origin=999-Agentic-Engineering-Framework
2026-05-13T18:41:00Z posted via=channel.post topic=channel:learnings msg_type=learning-P-011 id=L-369 origin=999-Agentic-Engineering-Framework
2026-05-29T09:49:19Z posted via=channel.post topic=channel:learnings msg_type=learning-P-001 id=L-446 origin=999-Agentic-Engineering-Framework
2026-05-29T21:57:16Z posted via=channel.post topic=channel:learnings msg_type=learning-unknown id=L-447 origin=999-Agentic-Engineering-Framework
2026-05-30T16:49:08Z posted via=channel.post topic=channel:learnings msg_type=learning-P-013 id=L-447 origin=999-Agentic-Engineering-Framework
2026-05-30T20:07:22Z posted via=channel.post topic=channel:learnings msg_type=learning-P-001 id=L-448 origin=999-Agentic-Engineering-Framework
2026-05-30T20:16:33Z posted via=channel.post topic=channel:learnings msg_type=learning-P-002 id=L-449 origin=999-Agentic-Engineering-Framework
2026-05-30T22:16:36Z posted via=channel.post topic=channel:learnings msg_type=learning-T-1626 id=PL-012 origin=999-Agentic-Engineering-Framework
2026-05-31T07:23:41Z posted via=channel.post topic=channel:learnings msg_type=learning-P-001 id=L-450 origin=999-Agentic-Engineering-Framework
2026-06-01T06:30:03Z posted via=channel.post topic=channel:learnings msg_type=learning-P-001 id=L-451 origin=999-Agentic-Engineering-Framework
2026-06-02T13:06:54Z posted via=channel.post topic=channel:learnings msg_type=learning-P-001 id=L-452 origin=999-Agentic-Engineering-Framework
2026-06-05T20:34:53Z posted via=channel.post topic=channel:learnings msg_type=learning-P-002 id=L-456 origin=999-Agentic-Engineering-Framework
2026-06-05T20:42:04Z posted via=channel.post topic=channel:learnings msg_type=learning-P-001 id=L-457 origin=999-Agentic-Engineering-Framework
2026-06-05T22:06:25Z posted via=channel.post topic=channel:learnings msg_type=learning-P-001 id=L-458 origin=999-Agentic-Engineering-Framework
2026-06-05T22:06:39Z posted via=channel.post topic=channel:learnings msg_type=learning-P-001 id=L-459 origin=999-Agentic-Engineering-Framework
2026-06-05T23:23:22Z posted via=channel.post topic=channel:learnings msg_type=learning-P-009 id=L-460 origin=999-Agentic-Engineering-Framework
2026-06-06T06:31:16Z posted via=channel.post topic=channel:learnings msg_type=learning-P-009 id=L-461 origin=999-Agentic-Engineering-Framework
2026-06-07T12:32:15Z posted via=channel.post topic=channel:learnings msg_type=learning-P-001 id=L-462 origin=999-Agentic-Engineering-Framework
2026-06-07T12:44:03Z posted via=channel.post topic=channel:learnings msg_type=learning-P-001 id=L-463 origin=999-Agentic-Engineering-Framework
2026-06-07T16:47:55Z posted via=channel.post topic=channel:learnings msg_type=learning-P-001 id=L-464 origin=999-Agentic-Engineering-Framework
2026-06-09T20:47:30Z posted via=channel.post topic=channel:learnings msg_type=learning-L-461 id=L-471 origin=999-Agentic-Engineering-Framework
2026-06-09T23:03:03Z posted via=channel.post topic=channel:learnings msg_type=learning-P-009 id=L-472 origin=999-Agentic-Engineering-Framework
2026-06-10T14:08:23Z posted via=channel.post topic=channel:learnings msg_type=learning-T-2185 id=L-473 origin=999-Agentic-Engineering-Framework
2026-06-10T15:48:32Z posted via=channel.post topic=channel:learnings msg_type=learning-P-001 id=L-474 origin=999-Agentic-Engineering-Framework
2026-06-10T16:49:50Z posted via=channel.post topic=channel:learnings msg_type=learning-P-001 id=L-475 origin=999-Agentic-Engineering-Framework
2026-06-10T18:41:22Z posted via=channel.post topic=channel:learnings msg_type=learning-P-001 id=L-476 origin=999-Agentic-Engineering-Framework
2026-06-10T19:48:53Z posted via=channel.post topic=channel:learnings msg_type=learning-T-2303 id=L-477 origin=999-Agentic-Engineering-Framework
2026-06-11T19:55:12Z posted via=channel.post topic=channel:learnings msg_type=learning-P-009 id=L-478 origin=999-Agentic-Engineering-Framework
2026-06-11T22:02:23Z posted via=channel.post topic=channel:learnings msg_type=learning-P-009 id=L-479 origin=999-Agentic-Engineering-Framework
2026-06-11T23:10:05Z posted via=channel.post topic=channel:learnings msg_type=learning-P-009 id=L-480 origin=999-Agentic-Engineering-Framework
2026-06-12T07:05:29Z posted via=channel.post topic=channel:learnings msg_type=learning-P-009 id=L-481 origin=999-Agentic-Engineering-Framework
2026-07-12T13:18:57Z posted via=channel.post topic=channel:learnings msg_type=learning-P-001 id=L-500 origin=999-Agentic-Engineering-Framework
2026-07-12T19:31:06Z posted via=channel.post topic=channel:learnings msg_type=learning-P-001 id=L-501 origin=999-Agentic-Engineering-Framework
2026-07-19T08:49:18Z posted via=channel.post topic=channel:learnings msg_type=learning-P-001 id=L-502 origin=999-Agentic-Engineering-Framework
2026-07-19T12:46:14Z posted via=channel.post topic=channel:learnings msg_type=learning-P-001 id=L-503 origin=999-Agentic-Engineering-Framework
2026-07-19T14:05:35Z posted via=channel.post topic=channel:learnings msg_type=learning-P-001 id=L-504 origin=999-Agentic-Engineering-Framework
2026-07-19T19:48:40Z posted via=channel.post topic=channel:learnings msg_type=learning-T-2554 id=L-505 origin=999-Agentic-Engineering-Framework
2026-07-21T06:55:14Z posted via=channel.post topic=channel:learnings msg_type=learning-P-001 id=L-506 origin=999-Agentic-Engineering-Framework
2026-07-21T13:38:05Z posted via=channel.post topic=channel:learnings msg_type=learning-P-001 id=L-507 origin=999-Agentic-Engineering-Framework
2026-07-21T18:30:35Z posted via=channel.post topic=channel:learnings msg_type=learning-T-2591 id=L-508 origin=999-Agentic-Engineering-Framework
2026-07-21T20:57:57Z posted via=channel.post topic=channel:learnings msg_type=learning-unknown id=L-509 origin=999-Agentic-Engineering-Framework
2026-07-21T23:31:29Z posted via=channel.post topic=channel:learnings msg_type=learning-T-2594 id=L-510 origin=999-Agentic-Engineering-Framework
2026-07-27T18:52:16Z posted via=channel.post topic=channel:learnings msg_type=learning-unknown id=L-511 origin=999-Agentic-Engineering-Framework
2026-07-29T11:59:32Z posted via=channel.post topic=channel:learnings msg_type=learning-T-2676 id=L-512 origin=999-Agentic-Engineering-Framework
2026-07-29T16:14:47Z posted via=channel.post topic=channel:learnings msg_type=learning-P-001 id=L-513 origin=999-Agentic-Engineering-Framework
2026-07-29T18:05:52Z posted via=channel.post topic=channel:learnings msg_type=learning-P-001 id=L-514 origin=999-Agentic-Engineering-Framework
2026-07-29T21:24:52Z posted via=channel.post topic=channel:learnings msg_type=learning-P-001 id=L-515 origin=999-Agentic-Engineering-Framework
2026-07-29T21:25:03Z posted via=channel.post topic=channel:learnings msg_type=learning-P-001 id=L-516 origin=999-Agentic-Engineering-Framework
2026-07-29T22:14:47Z posted via=channel.post topic=channel:learnings msg_type=learning-P-001 id=L-517 origin=999-Agentic-Engineering-Framework
2026-07-29T22:14:47Z posted via=channel.post topic=channel:learnings msg_type=learning-P-001 id=L-518 origin=999-Agentic-Engineering-Framework
2026-07-29T22:42:39Z posted via=channel.post topic=channel:learnings msg_type=learning-P-001 id=L-519 origin=999-Agentic-Engineering-Framework
2026-07-30T20:31:22Z posted via=channel.post topic=channel:learnings msg_type=learning-P-001 id=L-520 origin=999-Agentic-Engineering-Framework
2026-07-31T08:09:13Z posted via=channel.post topic=channel:learnings msg_type=learning-P-001 id=L-521 origin=999-Agentic-Engineering-Framework
2026-07-31T08:09:36Z posted via=channel.post topic=channel:learnings msg_type=learning-P-001 id=L-522 origin=999-Agentic-Engineering-Framework
2026-07-31T08:09:57Z posted via=channel.post topic=channel:learnings msg_type=learning-P-001 id=L-523 origin=999-Agentic-Engineering-Framework
2026-07-31T08:10:20Z posted via=channel.post topic=channel:learnings msg_type=learning-P-001 id=L-524 origin=999-Agentic-Engineering-Framework
2026-07-31T09:00:09Z posted via=channel.post topic=channel:learnings msg_type=learning-P-001 id=L-525 origin=999-Agentic-Engineering-Framework
2026-07-31T09:28:26Z posted via=channel.post topic=channel:learnings msg_type=learning-P-001 id=L-526 origin=999-Agentic-Engineering-Framework
2026-07-31T09:41:01Z posted via=channel.post topic=channel:learnings msg_type=learning-P-001 id=L-527 origin=999-Agentic-Engineering-Framework
2026-07-31T12:01:58Z posted via=channel.post topic=channel:learnings msg_type=learning-P-001 id=L-528 origin=999-Agentic-Engineering-Framework
2026-08-01T21:07:09Z posted via=channel.post topic=channel:learnings msg_type=learning-P-001 id=L-529 origin=999-Agentic-Engineering-Framework
2026-08-01T21:47:20Z posted via=channel.post topic=channel:learnings msg_type=learning-P-001 id=L-530 origin=999-Agentic-Engineering-Framework
2026-08-01T23:52:50Z posted via=channel.post topic=channel:learnings msg_type=learning-P-001 id=L-531 origin=999-Agentic-Engineering-Framework
2026-08-02T08:05:21Z posted via=channel.post topic=channel:learnings msg_type=learning-P-001 id=L-532 origin=999-Agentic-Engineering-Framework
2026-08-02T09:06:16Z posted via=channel.post topic=channel:learnings msg_type=learning-P-001 id=L-533 origin=999-Agentic-Engineering-Framework
2026-08-02T10:29:05Z posted via=channel.post topic=channel:learnings msg_type=learning-P-011 id=L-534 origin=999-Agentic-Engineering-Framework
2026-08-03T00:18:33Z posted via=channel.post topic=channel:learnings msg_type=learning-P-001 id=L-535 origin=999-Agentic-Engineering-Framework
2026-08-03T10:25:48Z posted via=channel.post topic=channel:learnings msg_type=learning-P-001 id=L-536 origin=999-Agentic-Engineering-Framework
2026-08-03T12:06:24Z posted via=channel.post topic=channel:learnings msg_type=learning-P-001 id=L-537 origin=999-Agentic-Engineering-Framework
2026-08-03T12:06:47Z posted via=channel.post topic=channel:learnings msg_type=learning-P-001 id=L-538 origin=999-Agentic-Engineering-Framework
2026-08-03T12:54:40Z posted via=channel.post topic=channel:learnings msg_type=learning-P-011 id=L-539 origin=999-Agentic-Engineering-Framework
2026-08-03T18:21:07Z posted via=channel.post topic=channel:learnings msg_type=learning-P-001 id=L-540 origin=999-Agentic-Engineering-Framework
2026-08-03T19:34:53Z posted via=channel.post topic=channel:learnings msg_type=learning-P-011 id=L-541 origin=999-Agentic-Engineering-Framework
2026-08-03T21:12:32Z posted via=channel.post topic=channel:learnings msg_type=learning-P-011 id=L-542 origin=999-Agentic-Engineering-Framework
2026-08-03T22:10:15Z posted via=channel.post topic=channel:learnings msg_type=learning-P-001 id=L-543 origin=999-Agentic-Engineering-Framework
2026-08-03T22:41:28Z posted via=channel.post topic=channel:learnings msg_type=learning-P-001 id=L-544 origin=999-Agentic-Engineering-Framework
2026-08-04T10:21:56Z posted via=channel.post topic=channel:learnings msg_type=learning-unknown id=L-545 origin=999-Agentic-Engineering-Framework
2026-08-04T12:02:13Z posted via=channel.post topic=channel:learnings msg_type=learning-unknown id=L-545 origin=999-Agentic-Engineering-Framework
2026-08-04T12:29:43Z posted via=channel.post topic=channel:learnings msg_type=learning-P-001 id=L-545 origin=999-Agentic-Engineering-Framework
2026-08-04T12:35:13Z posted via=channel.post topic=channel:learnings msg_type=learning-unknown id=L-546 origin=999-Agentic-Engineering-Framework
2026-08-04T14:23:26Z posted via=channel.post topic=channel:learnings msg_type=learning-P-001 id=L-546 origin=999-Agentic-Engineering-Framework
2026-08-04T14:27:10Z posted via=channel.post topic=channel:learnings msg_type=learning-unknown id=L-547 origin=999-Agentic-Engineering-Framework
2026-08-04T17:29:16Z posted via=channel.post topic=channel:learnings msg_type=learning-unknown id=L-547 origin=999-Agentic-Engineering-Framework
2026-08-06T18:16:48Z posted via=channel.post topic=channel:learnings msg_type=learning-P-002 id=L-547 origin=999-Agentic-Engineering-Framework
2026-08-06T23:28:09Z posted via=channel.post topic=channel:learnings msg_type=learning-P-001 id=L-548 origin=999-Agentic-Engineering-Framework
2026-08-07T05:40:48Z posted via=channel.post topic=channel:learnings msg_type=learning-P-001 id=L-549 origin=999-Agentic-Engineering-Framework
2026-08-07T06:28:21Z posted via=channel.post topic=channel:learnings msg_type=learning-P-001 id=L-550 origin=999-Agentic-Engineering-Framework
2026-08-08T07:45:10Z posted via=channel.post topic=channel:learnings msg_type=learning-P-001 id=L-551 origin=999-Agentic-Engineering-Framework
2026-08-08T12:01:53Z posted via=channel.post topic=channel:learnings msg_type=learning-P-011 id=L-552 origin=999-Agentic-Engineering-Framework
2026-08-08T14:35:47Z posted via=channel.post topic=channel:learnings msg_type=learning-P-001 id=L-553 origin=999-Agentic-Engineering-Framework
2026-08-08T17:41:12Z posted via=channel.post topic=channel:learnings msg_type=learning-P-001 id=L-554 origin=999-Agentic-Engineering-Framework
2026-08-08T18:51:45Z posted via=channel.post topic=channel:learnings msg_type=learning-unknown id=L-555 origin=999-Agentic-Engineering-Framework
2026-08-08T20:46:20Z posted via=channel.post topic=channel:learnings msg_type=learning-P-002 id=L-556 origin=999-Agentic-Engineering-Framework
2026-08-09T07:26:22Z posted via=channel.post topic=channel:learnings msg_type=learning-P-001 id=L-557 origin=999-Agentic-Engineering-Framework
2026-08-09T11:03:45Z posted via=channel.post topic=channel:learnings msg_type=learning-P-001 id=L-558 origin=999-Agentic-Engineering-Framework
2026-08-09T12:11:54Z posted via=channel.post topic=channel:learnings msg_type=learning-P-001 id=L-559 origin=999-Agentic-Engineering-Framework
2026-08-09T12:12:03Z posted via=channel.post topic=channel:learnings msg_type=learning-P-001 id=L-560 origin=999-Agentic-Engineering-Framework
2026-08-09T12:14:55Z posted via=channel.post topic=channel:learnings msg_type=learning-P-001 id=L-561 origin=999-Agentic-Engineering-Framework
2026-08-09T12:26:43Z posted via=channel.post topic=channel:learnings msg_type=learning-P-001 id=L-562 origin=999-Agentic-Engineering-Framework
2026-08-09T15:04:22Z posted via=channel.post topic=channel:learnings msg_type=learning-P-001 id=L-563 origin=999-Agentic-Engineering-Framework
2026-08-09T15:04:22Z posted via=channel.post topic=channel:learnings msg_type=learning-P-001 id=L-564 origin=999-Agentic-Engineering-Framework
2026-08-09T15:49:36Z posted via=channel.post topic=channel:learnings msg_type=learning-P-011 id=L-565 origin=999-Agentic-Engineering-Framework
2026-08-09T15:49:42Z posted via=channel.post topic=channel:learnings msg_type=learning-P-011 id=L-566 origin=999-Agentic-Engineering-Framework
2026-08-09T15:54:02Z posted via=channel.post topic=channel:learnings msg_type=learning-P-011 id=L-567 origin=999-Agentic-Engineering-Framework
2026-08-09T15:54:40Z posted via=channel.post topic=channel:learnings msg_type=learning-P-011 id=L-568 origin=999-Agentic-Engineering-Framework
2026-08-09T16:07:49Z posted via=channel.post topic=channel:learnings msg_type=learning-P-011 id=L-569 origin=999-Agentic-Engineering-Framework
2026-08-09T21:26:59Z posted via=channel.post topic=channel:learnings msg_type=learning-P-011 id=L-570 origin=999-Agentic-Engineering-Framework
2026-08-10T18:43:37Z posted via=channel.post topic=channel:learnings msg_type=learning-P-001 id=L-571 origin=999-Agentic-Engineering-Framework
2026-08-10T18:53:56Z posted via=channel.post topic=channel:learnings msg_type=learning-L-399 id=L-572 origin=999-Agentic-Engineering-Framework
2026-08-10T20:12:54Z posted via=channel.post topic=channel:learnings msg_type=learning-P-001 id=L-573 origin=999-Agentic-Engineering-Framework
2026-08-11T11:30:28Z posted via=channel.post topic=channel:learnings msg_type=learning-P-002 id=L-574 origin=999-Agentic-Engineering-Framework
2026-08-11T13:38:18Z posted via=channel.post topic=channel:learnings msg_type=learning-P-011 id=L-575 origin=999-Agentic-Engineering-Framework
2026-08-11T14:46:55Z posted via=channel.post topic=channel:learnings msg_type=learning-P-001 id=L-576 origin=999-Agentic-Engineering-Framework
2026-08-11T20:42:05Z posted via=channel.post topic=channel:learnings msg_type=learning-P-001 id=L-577 origin=999-Agentic-Engineering-Framework
2026-08-11T21:46:50Z posted via=channel.post topic=channel:learnings msg_type=learning-P-001 id=L-578 origin=999-Agentic-Engineering-Framework
2026-08-11T22:52:30Z posted via=channel.post topic=channel:learnings msg_type=learning-P-001 id=L-579 origin=999-Agentic-Engineering-Framework
2026-08-11T22:52:41Z posted via=channel.post topic=channel:learnings msg_type=learning-P-001 id=L-580 origin=999-Agentic-Engineering-Framework
2026-08-11T23:00:48Z posted via=channel.post topic=channel:learnings msg_type=learning-P-001 id=L-581 origin=999-Agentic-Engineering-Framework
2026-08-12T02:11:30Z posted via=channel.post topic=channel:learnings msg_type=learning-P-002 id=L-582 origin=999-Agentic-Engineering-Framework
2026-08-12T06:09:00Z posted via=channel.post topic=channel:learnings msg_type=learning-P-001 id=L-583 origin=999-Agentic-Engineering-Framework
2026-08-12T06:44:05Z posted via=channel.post topic=channel:learnings msg_type=learning-P-001 id=L-584 origin=999-Agentic-Engineering-Framework
2026-08-12T10:09:56Z posted via=channel.post topic=channel:learnings msg_type=learning-P-001 id=L-585 origin=999-Agentic-Engineering-Framework
2026-08-12T10:10:04Z posted via=channel.post topic=channel:learnings msg_type=learning-P-001 id=L-586 origin=999-Agentic-Engineering-Framework
2026-08-12T11:07:08Z posted via=channel.post topic=channel:learnings msg_type=learning-P-001 id=L-587 origin=999-Agentic-Engineering-Framework
2026-08-12T13:45:44Z posted via=channel.post topic=channel:learnings msg_type=learning-P-001 id=L-588 origin=999-Agentic-Engineering-Framework
2026-08-12T14:54:16Z posted via=channel.post topic=channel:learnings msg_type=learning-P-011 id=L-589 origin=999-Agentic-Engineering-Framework
2026-08-12T14:54:17Z posted via=channel.post topic=channel:learnings msg_type=learning-P-011 id=L-590 origin=999-Agentic-Engineering-Framework
2026-08-12T18:42:02Z posted via=channel.post topic=channel:learnings msg_type=learning-P-011 id=L-591 origin=999-Agentic-Engineering-Framework
2026-08-12T19:05:39Z posted via=channel.post topic=channel:learnings msg_type=learning-G-019 id=L-592 origin=999-Agentic-Engineering-Framework
2026-08-12T21:12:49Z posted via=channel.post topic=channel:learnings msg_type=learning-P-001 id=L-593 origin=999-Agentic-Engineering-Framework
2026-08-12T21:12:50Z posted via=channel.post topic=channel:learnings msg_type=learning-P-001 id=L-594 origin=999-Agentic-Engineering-Framework
2026-08-12T22:32:18Z posted via=channel.post topic=channel:learnings msg_type=learning-P-011 id=L-595 origin=999-Agentic-Engineering-Framework
2026-08-12T22:32:25Z posted via=channel.post topic=channel:learnings msg_type=learning-P-011 id=L-596 origin=999-Agentic-Engineering-Framework
2026-08-14T14:13:50Z posted via=channel.post topic=channel:learnings msg_type=learning-P-002 id=L-597 origin=999-Agentic-Engineering-Framework
2026-08-14T14:36:30Z posted via=channel.post topic=channel:learnings msg_type=learning-P-002 id=L-598 origin=999-Agentic-Engineering-Framework
2026-08-14T15:45:40Z posted via=channel.post topic=channel:learnings msg_type=learning-P-011 id=L-599 origin=999-Agentic-Engineering-Framework
2026-08-14T17:29:21Z posted via=channel.post topic=channel:learnings msg_type=learning-P-001 id=L-600 origin=999-Agentic-Engineering-Framework
2026-08-14T20:33:33Z posted via=channel.post topic=channel:learnings msg_type=learning-P-011 id=L-601 origin=999-Agentic-Engineering-Framework
2026-08-14T20:50:28Z posted via=channel.post topic=channel:learnings msg_type=learning-P-002 id=L-602 origin=999-Agentic-Engineering-Framework
2026-08-14T21:13:43Z posted via=channel.post topic=channel:learnings msg_type=learning-P-002 id=L-603 origin=999-Agentic-Engineering-Framework
